Archive member included to satisfy reference by file (symbol)

c:/dev/arm-gnu-toolchain-12.2.rel1_abort/bin/../lib/gcc/arm-none-eabi/12.2.1/thumb/v7e-m/nofp\libgcc.a(_arm_muldf3.o)
                              CMakeFiles/RA99+LED_STM32CBU6_PINconfigure.elf.dir/own_function/Src/Unipolar_zeroing_code_communication.c.obj (__aeabi_dmul)
c:/dev/arm-gnu-toolchain-12.2.rel1_abort/bin/../lib/gcc/arm-none-eabi/12.2.1/thumb/v7e-m/nofp\libgcc.a(_arm_mulsf3.o)
                              CMakeFiles/RA99+LED_STM32CBU6_PINconfigure.elf.dir/cafuu_code/Src/argb_common.c.obj (__aeabi_fmul)
c:/dev/arm-gnu-toolchain-12.2.rel1_abort/bin/../lib/gcc/arm-none-eabi/12.2.1/thumb/v7e-m/nofp\libgcc.a(_arm_addsubdf3.o)
                              CMakeFiles/RA99+LED_STM32CBU6_PINconfigure.elf.dir/own_function/Src/set_pwm.c.obj (__aeabi_dsub)
c:/dev/arm-gnu-toolchain-12.2.rel1_abort/bin/../lib/gcc/arm-none-eabi/12.2.1/thumb/v7e-m/nofp\libgcc.a(_arm_muldivdf3.o)
                              CMakeFiles/RA99+LED_STM32CBU6_PINconfigure.elf.dir/own_function/Src/Unipolar_zeroing_code_communication.c.obj (__aeabi_ddiv)
c:/dev/arm-gnu-toolchain-12.2.rel1_abort/bin/../lib/gcc/arm-none-eabi/12.2.1/thumb/v7e-m/nofp\libgcc.a(_arm_cmpdf2.o)
                              CMakeFiles/RA99+LED_STM32CBU6_PINconfigure.elf.dir/own_function/Src/set_pwm.c.obj (__aeabi_dcmplt)
c:/dev/arm-gnu-toolchain-12.2.rel1_abort/bin/../lib/gcc/arm-none-eabi/12.2.1/thumb/v7e-m/nofp\libgcc.a(_arm_fixunsdfsi.o)
                              CMakeFiles/RA99+LED_STM32CBU6_PINconfigure.elf.dir/own_function/Src/Unipolar_zeroing_code_communication.c.obj (__aeabi_d2uiz)
c:/dev/arm-gnu-toolchain-12.2.rel1_abort/bin/../lib/gcc/arm-none-eabi/12.2.1/thumb/v7e-m/nofp\libgcc.a(_arm_addsubsf3.o)
                              CMakeFiles/RA99+LED_STM32CBU6_PINconfigure.elf.dir/cafuu_code/Src/argb_common.c.obj (__aeabi_fsub)
c:/dev/arm-gnu-toolchain-12.2.rel1_abort/bin/../lib/gcc/arm-none-eabi/12.2.1/thumb/v7e-m/nofp\libgcc.a(_arm_muldivsf3.o)
                              CMakeFiles/RA99+LED_STM32CBU6_PINconfigure.elf.dir/cafuu_code/Src/argb_common.c.obj (__aeabi_fdiv)
c:/dev/arm-gnu-toolchain-12.2.rel1_abort/bin/../lib/gcc/arm-none-eabi/12.2.1/thumb/v7e-m/nofp\libgcc.a(_arm_cmpsf2.o)
                              CMakeFiles/RA99+LED_STM32CBU6_PINconfigure.elf.dir/cafuu_code/Src/argb_common.c.obj (__aeabi_fcmpeq)
c:/dev/arm-gnu-toolchain-12.2.rel1_abort/bin/../lib/gcc/arm-none-eabi/12.2.1/thumb/v7e-m/nofp\libgcc.a(_arm_fixunssfsi.o)
                              CMakeFiles/RA99+LED_STM32CBU6_PINconfigure.elf.dir/cafuu_code/Src/argb_common.c.obj (__aeabi_f2uiz)
c:/dev/arm-gnu-toolchain-12.2.rel1_abort/bin/../lib/gcc/arm-none-eabi/12.2.1/thumb/v7e-m/nofp\libgcc.a(_aeabi_uldivmod.o)
                              CMakeFiles/RA99+LED_STM32CBU6_PINconfigure.elf.dir/Drivers/STM32G4xx_HAL_Driver/Src/stm32g4xx_hal_uart.c.obj (__aeabi_uldivmod)
c:/dev/arm-gnu-toolchain-12.2.rel1_abort/bin/../lib/gcc/arm-none-eabi/12.2.1/thumb/v7e-m/nofp\libgcc.a(_udivmoddi4.o)
                              c:/dev/arm-gnu-toolchain-12.2.rel1_abort/bin/../lib/gcc/arm-none-eabi/12.2.1/thumb/v7e-m/nofp\libgcc.a(_aeabi_uldivmod.o) (__udivmoddi4)
c:/dev/arm-gnu-toolchain-12.2.rel1_abort/bin/../lib/gcc/arm-none-eabi/12.2.1/thumb/v7e-m/nofp\libgcc.a(_dvmd_tls.o)
                              c:/dev/arm-gnu-toolchain-12.2.rel1_abort/bin/../lib/gcc/arm-none-eabi/12.2.1/thumb/v7e-m/nofp\libgcc.a(_aeabi_uldivmod.o) (__aeabi_ldiv0)
c:/dev/arm-gnu-toolchain-12.2.rel1_abort/bin/../lib/gcc/arm-none-eabi/12.2.1/thumb/v7e-m/nofp\libg.a(libc_a-exit.o)
                              c:/dev/arm-gnu-toolchain-12.2.rel1_abort/bin/../lib/gcc/arm-none-eabi/12.2.1/thumb/v7e-m/nofp/crt0.o (exit)
c:/dev/arm-gnu-toolchain-12.2.rel1_abort/bin/../lib/gcc/arm-none-eabi/12.2.1/thumb/v7e-m/nofp\libg.a(libc_a-malloc.o)
                              CMakeFiles/RA99+LED_STM32CBU6_PINconfigure.elf.dir/Core/Src/main.c.obj (malloc)
c:/dev/arm-gnu-toolchain-12.2.rel1_abort/bin/../lib/gcc/arm-none-eabi/12.2.1/thumb/v7e-m/nofp\libg.a(libc_a-mallocr.o)
                              c:/dev/arm-gnu-toolchain-12.2.rel1_abort/bin/../lib/gcc/arm-none-eabi/12.2.1/thumb/v7e-m/nofp\libg.a(libc_a-malloc.o) (_malloc_r)
c:/dev/arm-gnu-toolchain-12.2.rel1_abort/bin/../lib/gcc/arm-none-eabi/12.2.1/thumb/v7e-m/nofp\libg.a(libc_a-mlock.o)
                              c:/dev/arm-gnu-toolchain-12.2.rel1_abort/bin/../lib/gcc/arm-none-eabi/12.2.1/thumb/v7e-m/nofp\libg.a(libc_a-mallocr.o) (__malloc_lock)
c:/dev/arm-gnu-toolchain-12.2.rel1_abort/bin/../lib/gcc/arm-none-eabi/12.2.1/thumb/v7e-m/nofp\libg.a(libc_a-findfp.o)
                              c:/dev/arm-gnu-toolchain-12.2.rel1_abort/bin/../lib/gcc/arm-none-eabi/12.2.1/thumb/v7e-m/nofp\libg.a(libc_a-exit.o) (__stdio_exit_handler)
c:/dev/arm-gnu-toolchain-12.2.rel1_abort/bin/../lib/gcc/arm-none-eabi/12.2.1/thumb/v7e-m/nofp\libg.a(libc_a-fwalk.o)
[...]
Memory Configuration

Name             Origin             Length             Attributes
RAM              0x20000000         0x00008000         xrw
FLASH            0x08000000         0x00020000         xr
*default*        0x00000000         0xffffffff

Linker script and memory map

LOAD c:/dev/arm-gnu-toolchain-12.2.rel1_abort/bin/../lib/gcc/arm-none-eabi/12.2.1/thumb/v7e-m/nofp/crti.o
LOAD c:/dev/arm-gnu-toolchain-12.2.rel1_abort/bin/../lib/gcc/arm-none-eabi/12.2.1/thumb/v7e-m/nofp/crtbegin.o
LOAD c:/dev/arm-gnu-toolchain-12.2.rel1_abort/bin/../lib/gcc/arm-none-eabi/12.2.1/thumb/v7e-m/nofp/crt0.o
LOAD CMakeFiles/RA99+LED_STM32CBU6_PINconfigure.elf.dir/Core/Src/dma.c.obj
LOAD CMakeFiles/RA99+LED_STM32CBU6_PINconfigure.elf.dir/Core/Src/fdcan.c.obj
LOAD CMakeFiles/RA99+LED_STM32CBU6_PINconfigure.elf.dir/Core/Src/gpio.c.obj
LOAD CMakeFiles/RA99+LED_STM32CBU6_PINconfigure.elf.dir/Core/Src/i2c.c.obj
LOAD CMakeFiles/RA99+LED_STM32CBU6_PINconfigure.elf.dir/Core/Src/main.c.obj
LOAD CMakeFiles/RA99+LED_STM32CBU6_PINconfigure.elf.dir/Core/Src/stm32g4xx_hal_msp.c.obj
LOAD CMakeFiles/RA99+LED_STM32CBU6_PINconfigure.elf.dir/Core/Src/stm32g4xx_it.c.obj
LOAD CMakeFiles/RA99+LED_STM32CBU6_PINconfigure.elf.dir/Core/Src/syscalls.c.obj
LOAD CMakeFiles/RA99+LED_STM32CBU6_PINconfigure.elf.dir/Core/Src/sysmem.c.obj
LOAD CMakeFiles/RA99+LED_STM32CBU6_PINconfigure.elf.dir/Core/Src/system_stm32g4xx.c.obj
LOAD CMakeFiles/RA99+LED_STM32CBU6_PINconfigure.elf.dir/Core/Src/tim.c.obj
LOAD CMakeFiles/RA99+LED_STM32CBU6_PINconfigure.elf.dir/Core/Src/usart.c.obj
LOAD CMakeFiles/RA99+LED_STM32CBU6_PINconfigure.elf.dir/Core/Startup/startup_stm32g431cbux.s.obj
LOAD CMakeFiles/RA99+LED_STM32CBU6_PINconfigure.elf.dir/Drivers/STM32G4xx_HAL_Driver/Src/stm32g4xx_hal.c.obj
LOAD CMakeFiles/RA99+LED_STM32CBU6_PINconfigure.elf.dir/Drivers/STM32G4xx_HAL_Driver/Src/stm32g4xx_hal_cortex.c.obj
LOAD CMakeFiles/RA99+LED_STM32CBU6_PINconfigure.elf.dir/Drivers/STM32G4xx_HAL_Driver/Src/stm32g4xx_hal_dma.c.obj
LOAD CMakeFiles/RA99+LED_STM32CBU6_PINconfigure.elf.dir/Drivers/STM32G4xx_HAL_Driver/Src/stm32g4xx_hal_dma_ex.c.obj
LOAD CMakeFiles/RA99+LED_STM32CBU6_PINconfigure.elf.dir/Drivers/STM32G4xx_HAL_Driver/Src/stm32g4xx_hal_exti.c.obj
LOAD CMakeFiles/RA99+LED_STM32CBU6_PINconfigure.elf.dir/Drivers/STM32G4xx_HAL_Driver/Src/stm32g4xx_hal_fdcan.c.obj
LOAD CMakeFiles/RA99+LED_STM32CBU6_PINconfigure.elf.dir/Drivers/STM32G4xx_HAL_Driver/Src/stm32g4xx_hal_flash.c.obj
LOAD CMakeFiles/RA99+LED_STM32CBU6_PINconfigure.elf.dir/Drivers/STM32G4xx_HAL_Driver/Src/stm32g4xx_hal_flash_ex.c.obj
LOAD CMakeFiles/RA99+LED_STM32CBU6_PINconfigure.elf.dir/Drivers/STM32G4xx_HAL_Driver/Src/stm32g4xx_hal_flash_ramfunc.c.obj
LOAD CMakeFiles/RA99+LED_STM32CBU6_PINconfigure.elf.dir/Drivers/STM32G4xx_HAL_Driver/Src/stm32g4xx_hal_gpio.c.obj
LOAD CMakeFiles/RA99+LED_STM32CBU6_PINconfigure.elf.dir/Drivers/STM32G4xx_HAL_Driver/Src/stm32g4xx_hal_i2c.c.obj
LOAD CMakeFiles/RA99+LED_STM32CBU6_PINconfigure.elf.dir/Drivers/STM32G4xx_HAL_Driver/Src/stm32g4xx_hal_i2c_ex.c.obj
LOAD CMakeFiles/RA99+LED_STM32CBU6_PINconfigure.elf.dir/Drivers/STM32G4xx_HAL_Driver/Src/stm32g4xx_hal_pwr.c.obj
LOAD CMakeFiles/RA99+LED_STM32CBU6_PINconfigure.elf.dir/Drivers/STM32G4xx_HAL_Driver/Src/stm32g4xx_hal_pwr_ex.c.obj
LOAD CMakeFiles/RA99+LED_STM32CBU6_PINconfigure.elf.dir/Drivers/STM32G4xx_HAL_Driver/Src/stm32g4xx_hal_rcc.c.obj
LOAD CMakeFiles/RA99+LED_STM32CBU6_PINconfigure.elf.dir/Drivers/STM32G4xx_HAL_Driver/Src/stm32g4xx_hal_rcc_ex.c.obj
LOAD CMakeFiles/RA99+LED_STM32CBU6_PINconfigure.elf.dir/Drivers/STM32G4xx_HAL_Driver/Src/stm32g4xx_hal_tim.c.obj
LOAD CMakeFiles/RA99+LED_STM32CBU6_PINconfigure.elf.dir/Drivers/STM32G4xx_HAL_Driver/Src/stm32g4xx_hal_tim_ex.c.obj
LOAD CMakeFiles/RA99+LED_STM32CBU6_PINconfigure.elf.dir/Drivers/STM32G4xx_HAL_Driver/Src/stm32g4xx_hal_uart.c.obj
LOAD CMakeFiles/RA99+LED_STM32CBU6_PINconfigure.elf.dir/Drivers/STM32G4xx_HAL_Driver/Src/stm32g4xx_hal_uart_ex.c.obj
LOAD CMakeFiles/RA99+LED_STM32CBU6_PINconfigure.elf.dir/cafuu_code/Src/argb_common.c.obj
LOAD CMakeFiles/RA99+LED_STM32CBU6_PINconfigure.elf.dir/cafuu_code/Src/argb_led.c.obj
LOAD CMakeFiles/RA99+LED_STM32CBU6_PINconfigure.elf.dir/cafuu_code/Src/argb_phy.c.obj
LOAD CMakeFiles/RA99+LED_STM32CBU6_PINconfigure.elf.dir/cafuu_code/Src/argb_platform.c.obj
LOAD CMakeFiles/RA99+LED_STM32CBU6_PINconfigure.elf.dir/own_function/Src/Unipolar_zeroing_code_communication.c.obj
LOAD CMakeFiles/RA99+LED_STM32CBU6_PINconfigure.elf.dir/own_function/Src/argb_tx.c.obj
LOAD CMakeFiles/RA99+LED_STM32CBU6_PINconfigure.elf.dir/own_function/Src/button_interrupt_pullup.c.obj
LOAD CMakeFiles/RA99+LED_STM32CBU6_PINconfigure.elf.dir/own_function/Src/link_list.c.obj
LOAD CMakeFiles/RA99+LED_STM32CBU6_PINconfigure.elf.dir/own_function/Src/oled_12864_SSD1315.c.obj
LOAD CMakeFiles/RA99+LED_STM32CBU6_PINconfigure.elf.dir/own_function/Src/set_pwm.c.obj
START GROUP
LOAD c:/dev/arm-gnu-toolchain-12.2.rel1_abort/bin/../lib/gcc/arm-none-eabi/12.2.1/thumb/v7e-m/nofp\libgcc.a
LOAD c:/dev/arm-gnu-toolchain-12.2.rel1_abort/bin/../lib/gcc/arm-none-eabi/12.2.1/thumb/v7e-m/nofp\libg.a
LOAD c:/dev/arm-gnu-toolchain-12.2.rel1_abort/bin/../lib/gcc/arm-none-eabi/12.2.1/thumb/v7e-m/nofp\libc.a
END GROUP
LOAD c:/dev/arm-gnu-toolchain-12.2.rel1_abort/bin/../lib/gcc/arm-none-eabi/12.2.1/thumb/v7e-m/nofp/crtend.o
LOAD c:/dev/arm-gnu-toolchain-12.2.rel1_abort/bin/../lib/gcc/arm-none-eabi/12.2.1/thumb/v7e-m/nofp/crtn.o
                0x20008000                _estack = (ORIGIN (RAM) + LENGTH (RAM))
                0x00000200                _Min_Heap_Size = 0x200
                0x00000400                _Min_Stack_Size = 0x400

.isr_vector     0x08000000      0x1d8
                0x08000000                . = ALIGN (0x4)
 *(.isr_vector)
 .isr_vector    0x08000000      0x1d8 CMakeFiles/RA99+LED_STM32CBU6_PINconfigure.elf.dir/Core/Startup/startup_stm32g431cbux.s.obj
                0x08000000                g_pfnVectors
                0x080001d8                . = ALIGN (0x4)

.text           0x080001d8     0x58ec
                0x080001d8                . = ALIGN (0x4)
 *(.text)
 .text          0x080001d8      0x378 c:/dev/arm-gnu-toolchain-12.2.rel1_abort/bin/../lib/gcc/arm-none-eabi/12.2.1/thumb/v7e-m/nofp\libgcc.a(_arm_addsubdf3.o)
                0x080001d8                __aeabi_drsub
                0x080001e0                __aeabi_dsub
                0x080001e0                __subdf3
                0x080001e4                __aeabi_dadd
                0x080001e4                __adddf3
                0x0800045c                __floatunsidf
                0x0800045c                __aeabi_ui2d
                0x0800047c                __floatsidf
                0x0800047c                __aeabi_i2d
                0x080004a0                __aeabi_f2d
                0x080004a0                __extendsfdf2
                0x080004e4                __floatundidf
                0x080004e4                __aeabi_ul2d
                0x080004f4                __floatdidf
                0x080004f4                __aeabi_l2d
 .text          0x08000550      0x424 c:/dev/arm-gnu-toolchain-12.2.rel1_abort/bin/../lib/gcc/arm-none-eabi/12.2.1/thumb/v7e-m/nofp\libgcc.a(_arm_muldivdf3.o)
                0x08000550                __aeabi_dmul
                0x08000550                __muldf3
                0x080007a4                __divdf3
                0x080007a4                __aeabi_ddiv
 .text          0x08000974      0x110 c:/dev/arm-gnu-toolchain-12.2.rel1_abort/bin/../lib/gcc/arm-none-eabi/12.2.1/thumb/v7e-m/nofp\libgcc.a(_arm_cmpdf2.o)
                0x08000974                __gtdf2
                0x08000974                __gedf2
                0x0800097c                __ltdf2
                0x0800097c                __ledf2
                0x08000984                __nedf2
                0x08000984                __eqdf2
                0x08000984                __cmpdf2
                0x08000a00                __aeabi_cdrcmple
                0x08000a10                __aeabi_cdcmpeq
                0x08000a10                __aeabi_cdcmple
                0x08000a20                __aeabi_dcmpeq
                0x08000a34                __aeabi_dcmplt
                0x08000a48                __aeabi_dcmple
                0x08000a5c                __aeabi_dcmpge
                0x08000a70                __aeabi_dcmpgt
 .text          0x08000a84       0x40 c:/dev/arm-gnu-toolchain-12.2.rel1_abort/bin/../lib/gcc/arm-none-eabi/12.2.1/thumb/v7e-m/nofp\libgcc.a(_arm_fixunsdfsi.o)
                0x08000a84                __aeabi_d2uiz
                0x08000a84                __fixunsdfsi
 .text          0x08000ac4       0x30 c:/dev/arm-gnu-toolchain-12.2.rel1_abort/bin/../lib/gcc/arm-none-eabi/12.2.1/thumb/v7e-m/nofp\libgcc.a(_aeabi_uldivmod.o)
                0x08000ac4                __aeabi_uldivmod
 .text          0x08000af4        0x4 c:/dev/arm-gnu-toolchain-12.2.rel1_abort/bin/../lib/gcc/arm-none-eabi/12.2.1/thumb/v7e-m/nofp\libgcc.a(_dvmd_tls.o)
                0x08000af4                __aeabi_idiv0
                0x08000af4                __aeabi_ldiv0
 *(.text*)
 .text.deregister_tm_clones
                0x08000af8       0x1c c:/dev/arm-gnu-toolchain-12.2.rel1_abort/bin/../lib/gcc/arm-none-eabi/12.2.1/thumb/v7e-m/nofp/crtbegin.o
 .text.register_tm_clones
                0x08000b14       0x24 c:/dev/arm-gnu-toolchain-12.2.rel1_abort/bin/../lib/gcc/arm-none-eabi/12.2.1/thumb/v7e-m/nofp/crtbegin.o
 .text.__do_global_dtors_aux
                0x08000b38       0x28 c:/dev/arm-gnu-toolchain-12.2.rel1_abort/bin/../lib/gcc/arm-none-eabi/12.2.1/thumb/v7e-m/nofp/crtbegin.o
 .text.frame_dummy
                0x08000b60       0x24 c:/dev/arm-gnu-toolchain-12.2.rel1_abort/bin/../lib/gcc/arm-none-eabi/12.2.1/thumb/v7e-m/nofp/crtbegin.o
 .text.MX_DMA_Init
                0x08000b84       0x74 CMakeFiles/RA99+LED_STM32CBU6_PINconfigure.elf.dir/Core/Src/dma.c.obj
                0x08000b84                MX_DMA_Init
 .text.MX_FDCAN1_Init
                0x08000bf8       0x48 CMakeFiles/RA99+LED_STM32CBU6_PINconfigure.elf.dir/Core/Src/fdcan.c.obj
                0x08000bf8                MX_FDCAN1_Init
 .text.HAL_FDCAN_MspInit
                0x08000c40       0x90 CMakeFiles/RA99+LED_STM32CBU6_PINconfigure.elf.dir/Core/Src/fdcan.c.obj
                0x08000c40                HAL_FDCAN_MspInit
 .text.MX_GPIO_Init
                0x08000cd0       0xc8 CMakeFiles/RA99+LED_STM32CBU6_PINconfigure.elf.dir/Core/Src/gpio.c.obj
                0x08000cd0                MX_GPIO_Init
 .text.MX_I2C1_Init
                0x08000d98       0x60 CMakeFiles/RA99+LED_STM32CBU6_PINconfigure.elf.dir/Core/Src/i2c.c.obj
                0x08000d98                MX_I2C1_Init
 .text.HAL_I2C_MspInit
                0x08000df8       0x88 CMakeFiles/RA99+LED_STM32CBU6_PINconfigure.elf.dir/Core/Src/i2c.c.obj
                0x08000df8                HAL_I2C_MspInit
 .text.Error_Handler
                0x08000e80        0x4 CMakeFiles/RA99+LED_STM32CBU6_PINconfigure.elf.dir/Core/Src/main.c.obj
                0x08000e80                Error_Handler
 .text.SystemClock_Config
                0x08000e84       0x6e CMakeFiles/RA99+LED_STM32CBU6_PINconfigure.elf.dir/Core/Src/main.c.obj
                0x08000e84                SystemClock_Config
 *fill*         0x08000ef2        0x2 
 .text.main     0x08000ef4       0xe8 CMakeFiles/RA99+LED_STM32CBU6_PINconfigure.elf.dir/Core/Src/main.c.obj
                0x08000ef4                main
 .text.HAL_MspInit
                0x08000fdc       0x38 CMakeFiles/RA99+LED_STM32CBU6_PINconfigure.elf.dir/Core/Src/stm32g4xx_hal_msp.c.obj
                0x08000fdc                HAL_MspInit
 .text.NMI_Handler
                0x08001014        0x2 CMakeFiles/RA99+LED_STM32CBU6_PINconfigure.elf.dir/Core/Src/stm32g4xx_it.c.obj
                0x08001014                NMI_Handler
 .text.HardFault_Handler
                0x08001016        0x2 CMakeFiles/RA99+LED_STM32CBU6_PINconfigure.elf.dir/Core/Src/stm32g4xx_it.c.obj
                0x08001016                HardFault_Handler
 .text.MemManage_Handler
                0x08001018        0x2 CMakeFiles/RA99+LED_STM32CBU6_PINconfigure.elf.dir/Core/Src/stm32g4xx_it.c.obj
                0x08001018                MemManage_Handler
 .text.BusFault_Handler
                0x0800101a        0x2 CMakeFiles/RA99+LED_STM32CBU6_PINconfigure.elf.dir/Core/Src/stm32g4xx_it.c.obj
                0x0800101a                BusFault_Handler
 .text.UsageFault_Handler
                0x0800101c        0x2 CMakeFiles/RA99+LED_STM32CBU6_PINconfigure.elf.dir/Core/Src/stm32g4xx_it.c.obj
                0x0800101c                UsageFault_Handler
 .text.SVC_Handler
                0x0800101e        0x2 CMakeFiles/RA99+LED_STM32CBU6_PINconfigure.elf.dir/Core/Src/stm32g4xx_it.c.obj
                0x0800101e                SVC_Handler
 .text.DebugMon_Handler
                0x08001020        0x2 CMakeFiles/RA99+LED_STM32CBU6_PINconfigure.elf.dir/Core/Src/stm32g4xx_it.c.obj
                0x08001020                DebugMon_Handler
 .text.PendSV_Handler
                0x08001022        0x2 CMakeFiles/RA99+LED_STM32CBU6_PINconfigure.elf.dir/Core/Src/stm32g4xx_it.c.obj
                0x08001022                PendSV_Handler
 .text.SysTick_Handler
                0x08001024        0x8 CMakeFiles/RA99+LED_STM32CBU6_PINconfigure.elf.dir/Core/Src/stm32g4xx_it.c.obj
                0x08001024                SysTick_Handler
 .text.DMA1_Channel1_IRQHandler
                0x0800102c       0x10 CMakeFiles/RA99+LED_STM32CBU6_PINconfigure.elf.dir/Core/Src/stm32g4xx_it.c.obj
                0x0800102c                DMA1_Channel1_IRQHandler
 .text.DMA1_Channel2_IRQHandler
                0x0800103c       0x10 CMakeFiles/RA99+LED_STM32CBU6_PINconfigure.elf.dir/Core/Src/stm32g4xx_it.c.obj
                0x0800103c                DMA1_Channel2_IRQHandler
 .text.DMA1_Channel3_IRQHandler
                0x0800104c       0x10 CMakeFiles/RA99+LED_STM32CBU6_PINconfigure.elf.dir/Core/Src/stm32g4xx_it.c.obj
                0x0800104c                DMA1_Channel3_IRQHandler
 .text.DMA1_Channel4_IRQHandler
                0x0800105c       0x10 CMakeFiles/RA99+LED_STM32CBU6_PINconfigure.elf.dir/Core/Src/stm32g4xx_it.c.obj
                0x0800105c                DMA1_Channel4_IRQHandler
 .text.TIM1_BRK_TIM15_IRQHandler
                0x0800106c       0x10 CMakeFiles/RA99+LED_STM32CBU6_PINconfigure.elf.dir/Core/Src/stm32g4xx_it.c.obj
                0x0800106c                TIM1_BRK_TIM15_IRQHandler
 .text.TIM2_IRQHandler
                0x0800107c       0x10 CMakeFiles/RA99+LED_STM32CBU6_PINconfigure.elf.dir/Core/Src/stm32g4xx_it.c.obj
                0x0800107c                TIM2_IRQHandler
 .text.TIM3_IRQHandler
                0x0800108c       0x10 CMakeFiles/RA99+LED_STM32CBU6_PINconfigure.elf.dir/Core/Src/stm32g4xx_it.c.obj
                0x0800108c                TIM3_IRQHandler
 .text.TIM7_IRQHandler
                0x0800109c       0x1c CMakeFiles/RA99+LED_STM32CBU6_PINconfigure.elf.dir/Core/Src/stm32g4xx_it.c.obj
                0x0800109c                TIM7_IRQHandler
 .text._sbrk    0x080010b8       0x48 CMakeFiles/RA99+LED_STM32CBU6_PINconfigure.elf.dir/Core/Src/sysmem.c.obj
                0x080010b8                _sbrk
 .text.SystemInit
                0x08001100        0x2 CMakeFiles/RA99+LED_STM32CBU6_PINconfigure.elf.dir/Core/Src/system_stm32g4xx.c.obj
                0x08001100                SystemInit
 *fill*         0x08001102        0x2 
 .text.MX_TIM4_Init
                0x08001104       0x70 CMakeFiles/RA99+LED_STM32CBU6_PINconfigure.elf.dir/Core/Src/tim.c.obj
                0x08001104                MX_TIM4_Init
 .text.MX_TIM7_Init
                0x08001174       0x54 CMakeFiles/RA99+LED_STM32CBU6_PINconfigure.elf.dir/Core/Src/tim.c.obj
                0x08001174                MX_TIM7_Init
 .text.MX_TIM15_Init
                0x080011c8       0x74 CMakeFiles/RA99+LED_STM32CBU6_PINconfigure.elf.dir/Core/Src/tim.c.obj
                0x080011c8                MX_TIM15_Init
 .text.HAL_TIM_Base_MspInit
                0x0800123c      0x1d0 CMakeFiles/RA99+LED_STM32CBU6_PINconfigure.elf.dir/Core/Src/tim.c.obj
                0x0800123c                HAL_TIM_Base_MspInit
 .text.HAL_TIM_PWM_MspInit
                0x0800140c       0x80 CMakeFiles/RA99+LED_STM32CBU6_PINconfigure.elf.dir/Core/Src/tim.c.obj
                0x0800140c                HAL_TIM_PWM_MspInit
 .text.HAL_TIM_MspPostInit
                0x0800148c       0xf8 CMakeFiles/RA99+LED_STM32CBU6_PINconfigure.elf.dir/Core/Src/tim.c.obj
                0x0800148c                HAL_TIM_MspPostInit
 .text.MX_TIM2_Init
                0x08001584       0xac CMakeFiles/RA99+LED_STM32CBU6_PINconfigure.elf.dir/Core/Src/tim.c.obj
                0x08001584                MX_TIM2_Init
 .text.MX_TIM3_Init
                0x08001630       0x84 CMakeFiles/RA99+LED_STM32CBU6_PINconfigure.elf.dir/Core/Src/tim.c.obj
                0x08001630                MX_TIM3_Init
 .text.MX_TIM16_Init
                0x080016b4       0xa8 CMakeFiles/RA99+LED_STM32CBU6_PINconfigure.elf.dir/Core/Src/tim.c.obj
                0x080016b4                MX_TIM16_Init
 .text.MX_TIM17_Init
                0x0800175c       0xa8 CMakeFiles/RA99+LED_STM32CBU6_PINconfigure.elf.dir/Core/Src/tim.c.obj
                0x0800175c                MX_TIM17_Init
 .text.MX_USART1_UART_Init
                0x08001804       0x68 CMakeFiles/RA99+LED_STM32CBU6_PINconfigure.elf.dir/Core/Src/usart.c.obj
                0x08001804                MX_USART1_UART_Init
 .text.MX_USART2_UART_Init
                0x0800186c       0x68 CMakeFiles/RA99+LED_STM32CBU6_PINconfigure.elf.dir/Core/Src/usart.c.obj
                0x0800186c                MX_USART2_UART_Init
 .text.MX_USART3_UART_Init
                0x080018d4       0x68 CMakeFiles/RA99+LED_STM32CBU6_PINconfigure.elf.dir/Core/Src/usart.c.obj
                0x080018d4                MX_USART3_UART_Init
 .text.HAL_UART_MspInit
                0x0800193c      0x14c CMakeFiles/RA99+LED_STM32CBU6_PINconfigure.elf.dir/Core/Src/usart.c.obj
                0x0800193c                HAL_UART_MspInit
 .text.Reset_Handler
                0x08001a88       0x50 CMakeFiles/RA99+LED_STM32CBU6_PINconfigure.elf.dir/Core/Startup/startup_stm32g431cbux.s.obj
                0x08001a88                Reset_Handler
 .text.Default_Handler
                0x08001ad8        0x2 CMakeFiles/RA99+LED_STM32CBU6_PINconfigure.elf.dir/Core/Startup/startup_stm32g431cbux.s.obj
                0x08001ad8                RTC_Alarm_IRQHandler
                0x08001ad8                EXTI2_IRQHandler
                0x08001ad8                TIM8_TRG_COM_IRQHandler
                0x08001ad8                TIM8_CC_IRQHandler
                0x08001ad8                TIM1_CC_IRQHandler
                0x08001ad8                USB_HP_IRQHandler
                0x08001ad8                CORDIC_IRQHandler
                0x08001ad8                EXTI3_IRQHandler
                0x08001ad8                I2C3_ER_IRQHandler
                0x08001ad8                EXTI0_IRQHandler
                0x08001ad8                I2C2_EV_IRQHandler
                0x08001ad8                FPU_IRQHandler
                0x08001ad8                FDCAN1_IT1_IRQHandler
                0x08001ad8                TIM1_UP_TIM16_IRQHandler
                0x08001ad8                ADC1_2_IRQHandler
                0x08001ad8                SPI1_IRQHandler
                0x08001ad8                TIM6_DAC_IRQHandler
                0x08001ad8                TIM8_UP_IRQHandler
                0x08001ad8                DMA2_Channel2_IRQHandler
                0x08001ad8                USART3_IRQHandler
                0x08001ad8                TIM4_IRQHandler
                0x08001ad8                DMA2_Channel1_IRQHandler
                0x08001ad8                I2C1_EV_IRQHandler
                0x08001ad8                DMA1_Channel6_IRQHandler
                0x08001ad8                UART4_IRQHandler
                0x08001ad8                DMA2_Channel4_IRQHandler
                0x08001ad8                RCC_IRQHandler
                0x08001ad8                Default_Handler
                0x08001ad8                RTC_TAMP_LSECSS_IRQHandler
                0x08001ad8                FMAC_IRQHandler
                0x08001ad8                EXTI15_10_IRQHandler
                0x08001ad8                UCPD1_IRQHandler
                0x08001ad8                I2C3_EV_IRQHandler
                0x08001ad8                EXTI9_5_IRQHandler
                0x08001ad8                RTC_WKUP_IRQHandler
                0x08001ad8                PVD_PVM_IRQHandler
                0x08001ad8                SPI2_IRQHandler
                0x08001ad8                DMA2_Channel5_IRQHandler
                0x08001ad8                CRS_IRQHandler
                0x08001ad8                DMA1_Channel5_IRQHandler
                0x08001ad8                USB_LP_IRQHandler
                0x08001ad8                EXTI4_IRQHandler
                0x08001ad8                RNG_IRQHandler
                0x08001ad8                TIM1_TRG_COM_TIM17_IRQHandler
                0x08001ad8                WWDG_IRQHandler
                0x08001ad8                LPUART1_IRQHandler
                0x08001ad8                DMA2_Channel6_IRQHandler
                0x08001ad8                FDCAN1_IT0_IRQHandler
                0x08001ad8                COMP1_2_3_IRQHandler
                0x08001ad8                EXTI1_IRQHandler
                0x08001ad8                USART2_IRQHandler
                0x08001ad8                I2C2_ER_IRQHandler
                0x08001ad8                TIM8_BRK_IRQHandler
                0x08001ad8                FLASH_IRQHandler
                0x08001ad8                USART1_IRQHandler
                0x08001ad8                SPI3_IRQHandler
                0x08001ad8                I2C1_ER_IRQHandler
                0x08001ad8                LPTIM1_IRQHandler
                0x08001ad8                DMAMUX_OVR_IRQHandler
                0x08001ad8                USBWakeUp_IRQHandler
                0x08001ad8                SAI1_IRQHandler
                0x08001ad8                DMA2_Channel3_IRQHandler
                0x08001ad8                COMP4_IRQHandler
 *fill*         0x08001ada        0x2 
 .text.HAL_InitTick
                0x08001adc       0x50 CMakeFiles/RA99+LED_STM32CBU6_PINconfigure.elf.dir/Drivers/STM32G4xx_HAL_Driver/Src/stm32g4xx_hal.c.obj
                0x08001adc                HAL_InitTick
 .text.HAL_Init
                0x08001b2c       0x1e CMakeFiles/RA99+LED_STM32CBU6_PINconfigure.elf.dir/Drivers/STM32G4xx_HAL_Driver/Src/stm32g4xx_hal.c.obj
                0x08001b2c                HAL_Init
 *fill*         0x08001b4a        0x2 
 .text.HAL_IncTick
                0x08001b4c       0x18 CMakeFiles/RA99+LED_STM32CBU6_PINconfigure.elf.dir/Drivers/STM32G4xx_HAL_Driver/Src/stm32g4xx_hal.c.obj
                0x08001b4c                HAL_IncTick
 .text.HAL_GetTick
                0x08001b64        0xc CMakeFiles/RA99+LED_STM32CBU6_PINconfigure.elf.dir/Drivers/STM32G4xx_HAL_Driver/Src/stm32g4xx_hal.c.obj
                0x08001b64                HAL_GetTick
 .text.__NVIC_EnableIRQ
                0x08001b70       0x1c CMakeFiles/RA99+LED_STM32CBU6_PINconfigure.elf.dir/Drivers/STM32G4xx_HAL_Driver/Src/stm32g4xx_hal_cortex.c.obj
 .text.__NVIC_SetPriority
                0x08001b8c       0x28 CMakeFiles/RA99+LED_STM32CBU6_PINconfigure.elf.dir/Drivers/STM32G4xx_HAL_Driver/Src/stm32g4xx_hal_cortex.c.obj
 .text.NVIC_EncodePriority
                0x08001bb4       0x3e CMakeFiles/RA99+LED_STM32CBU6_PINconfigure.elf.dir/Drivers/STM32G4xx_HAL_Driver/Src/stm32g4xx_hal_cortex.c.obj
 *fill*         0x08001bf2        0x2 
 .text.HAL_NVIC_SetPriorityGrouping
                0x08001bf4       0x24 CMakeFiles/RA99+LED_STM32CBU6_PINconfigure.elf.dir/Drivers/STM32G4xx_HAL_Driver/Src/stm32g4xx_hal_cortex.c.obj
                0x08001bf4                HAL_NVIC_SetPriorityGrouping
 .text.HAL_NVIC_SetPriority
                0x08001c18       0x20 CMakeFiles/RA99+LED_STM32CBU6_PINconfigure.elf.dir/Drivers/STM32G4xx_HAL_Driver/Src/stm32g4xx_hal_cortex.c.obj
                0x08001c18                HAL_NVIC_SetPriority
 .text.HAL_NVIC_EnableIRQ
                0x08001c38        0x8 CMakeFiles/RA99+LED_STM32CBU6_PINconfigure.elf.dir/Drivers/STM32G4xx_HAL_Driver/Src/stm32g4xx_hal_cortex.c.obj
                0x08001c38                HAL_NVIC_EnableIRQ
 .text.HAL_SYSTICK_Config
                0x08001c40       0x28 CMakeFiles/RA99+LED_STM32CBU6_PINconfigure.elf.dir/Drivers/STM32G4xx_HAL_Driver/Src/stm32g4xx_hal_cortex.c.obj
                0x08001c40                HAL_SYSTICK_Config
 .text.DMA_SetConfig
                0x08001c68       0x4e CMakeFiles/RA99+LED_STM32CBU6_PINconfigure.elf.dir/Drivers/STM32G4xx_HAL_Driver/Src/stm32g4xx_hal_dma.c.obj
 *fill*         0x08001cb6        0x2 
 .text.DMA_CalcDMAMUXChannelBaseAndMask
                0x08001cb8       0x48 CMakeFiles/RA99+LED_STM32CBU6_PINconfigure.elf.dir/Drivers/STM32G4xx_HAL_Driver/Src/stm32g4xx_hal_dma.c.obj
 .text.DMA_CalcDMAMUXRequestGenBaseAndMask
                0x08001d00       0x28 CMakeFiles/RA99+LED_STM32CBU6_PINconfigure.elf.dir/Drivers/STM32G4xx_HAL_Driver/Src/stm32g4xx_hal_dma.c.obj
 .text.HAL_DMA_Init
                0x08001d28       0xd8 CMakeFiles/RA99+LED_STM32CBU6_PINconfigure.elf.dir/Drivers/STM32G4xx_HAL_Driver/Src/stm32g4xx_hal_dma.c.obj
                0x08001d28                HAL_DMA_Init
 .text.HAL_DMA_Start_IT
                0x08001e00       0x94 CMakeFiles/RA99+LED_STM32CBU6_PINconfigure.elf.dir/Drivers/STM32G4xx_HAL_Driver/Src/stm32g4xx_hal_dma.c.obj
                0x08001e00                HAL_DMA_Start_IT
 .text.HAL_DMA_Abort_IT
                0x08001e94       0x7e CMakeFiles/RA99+LED_STM32CBU6_PINconfigure.elf.dir/Drivers/STM32G4xx_HAL_Driver/Src/stm32g4xx_hal_dma.c.obj
                0x08001e94                HAL_DMA_Abort_IT
 .text.HAL_DMA_IRQHandler
                0x08001f12       0xc4 CMakeFiles/RA99+LED_STM32CBU6_PINconfigure.elf.dir/Drivers/STM32G4xx_HAL_Driver/Src/stm32g4xx_hal_dma.c.obj
                0x08001f12                HAL_DMA_IRQHandler
 *fill*         0x08001fd6        0x2 
 .text.FDCAN_CalcultateRamBlockAddresses
                0x08001fd8       0x64 CMakeFiles/RA99+LED_STM32CBU6_PINconfigure.elf.dir/Drivers/STM32G4xx_HAL_Driver/Src/stm32g4xx_hal_fdcan.c.obj
 .text.HAL_FDCAN_Init
                0x0800203c      0x1d4 CMakeFiles/RA99+LED_STM32CBU6_PINconfigure.elf.dir/Drivers/STM32G4xx_HAL_Driver/Src/stm32g4xx_hal_fdcan.c.obj
                0x0800203c                HAL_FDCAN_Init
 .text.HAL_GPIO_Init
                0x08002210      0x1dc CMakeFiles/RA99+LED_STM32CBU6_PINconfigure.elf.dir/Drivers/STM32G4xx_HAL_Driver/Src/stm32g4xx_hal_gpio.c.obj
                0x08002210                HAL_GPIO_Init
 .text.HAL_GPIO_WritePin
                0x080023ec        0xa CMakeFiles/RA99+LED_STM32CBU6_PINconfigure.elf.dir/Drivers/STM32G4xx_HAL_Driver/Src/stm32g4xx_hal_gpio.c.obj
                0x080023ec                HAL_GPIO_WritePin
 .text.HAL_I2C_Init
                0x080023f6       0xc8 CMakeFiles/RA99+LED_STM32CBU6_PINconfigure.elf.dir/Drivers/STM32G4xx_HAL_Driver/Src/stm32g4xx_hal_i2c.c.obj
                0x080023f6                HAL_I2C_Init
 .text.HAL_I2CEx_ConfigAnalogFilter
                0x080024be       0x5c CMakeFiles/RA99+LED_STM32CBU6_PINconfigure.elf.dir/Drivers/STM32G4xx_HAL_Driver/Src/stm32g4xx_hal_i2c_ex.c.obj
                0x080024be                HAL_I2CEx_ConfigAnalogFilter
 .text.HAL_I2CEx_ConfigDigitalFilter
                0x0800251a       0x58 CMakeFiles/RA99+LED_STM32CBU6_PINconfigure.elf.dir/Drivers/STM32G4xx_HAL_Driver/Src/stm32g4xx_hal_i2c_ex.c.obj
                0x0800251a                HAL_I2CEx_ConfigDigitalFilter
 *fill*         0x08002572        0x2 
 .text.HAL_PWREx_ControlVoltageScaling
                0x08002574      0x10c CMakeFiles/RA99+LED_STM32CBU6_PINconfigure.elf.dir/Drivers/STM32G4xx_HAL_Driver/Src/stm32g4xx_hal_pwr_ex.c.obj
                0x08002574                HAL_PWREx_ControlVoltageScaling
 .text.HAL_PWREx_DisableUCPDDeadBattery
                0x08002680       0x10 CMakeFiles/RA99+LED_STM32CBU6_PINconfigure.elf.dir/Drivers/STM32G4xx_HAL_Driver/Src/stm32g4xx_hal_pwr_ex.c.obj
                0x08002680                HAL_PWREx_DisableUCPDDeadBattery
 .text.RCC_GetSysClockFreqFromPLLSource
                0x08002690       0x58 CMakeFiles/RA99+LED_STM32CBU6_PINconfigure.elf.dir/Drivers/STM32G4xx_HAL_Driver/Src/stm32g4xx_hal_rcc.c.obj
 .text.HAL_RCC_OscConfig
                0x080026e8      0x4e4 CMakeFiles/RA99+LED_STM32CBU6_PINconfigure.elf.dir/Drivers/STM32G4xx_HAL_Driver/Src/stm32g4xx_hal_rcc.c.obj
                0x080026e8                HAL_RCC_OscConfig
 .text.HAL_RCC_GetSysClockFreq
                0x08002bcc       0x88 CMakeFiles/RA99+LED_STM32CBU6_PINconfigure.elf.dir/Drivers/STM32G4xx_HAL_Driver/Src/stm32g4xx_hal_rcc.c.obj
                0x08002bcc                HAL_RCC_GetSysClockFreq
 .text.HAL_RCC_ClockConfig
                0x08002c54      0x1f8 CMakeFiles/RA99+LED_STM32CBU6_PINconfigure.elf.dir/Drivers/STM32G4xx_HAL_Driver/Src/stm32g4xx_hal_rcc.c.obj
                0x08002c54                HAL_RCC_ClockConfig
 .text.HAL_RCC_GetHCLKFreq
                0x08002e4c        0xc CMakeFiles/RA99+LED_STM32CBU6_PINconfigure.elf.dir/Drivers/STM32G4xx_HAL_Driver/Src/stm32g4xx_hal_rcc.c.obj
                0x08002e4c                HAL_RCC_GetHCLKFreq
 .text.HAL_RCC_GetPCLK1Freq
                0x08002e58       0x24 CMakeFiles/RA99+LED_STM32CBU6_PINconfigure.elf.dir/Drivers/STM32G4xx_HAL_Driver/Src/stm32g4xx_hal_rcc.c.obj
                0x08002e58                HAL_RCC_GetPCLK1Freq
 .text.HAL_RCC_GetPCLK2Freq
                0x08002e7c       0x24 CMakeFiles/RA99+LED_STM32CBU6_PINconfigure.elf.dir/Drivers/STM32G4xx_HAL_Driver/Src/stm32g4xx_hal_rcc.c.obj
                0x08002e7c                HAL_RCC_GetPCLK2Freq
 .text.HAL_RCCEx_PeriphCLKConfig
                0x08002ea0      0x2e4 CMakeFiles/RA99+LED_STM32CBU6_PINconfigure.elf.dir/Drivers/STM32G4xx_HAL_Driver/Src/stm32g4xx_hal_rcc_ex.c.obj
                0x08002ea0                HAL_RCCEx_PeriphCLKConfig
 .text.TIM_OC1_SetConfig
                0x08003184       0x9c CMakeFiles/RA99+LED_STM32CBU6_PINconfigure.elf.dir/Drivers/STM32G4xx_HAL_Driver/Src/stm32g4xx_hal_tim.c.obj
 .text.TIM_OC3_SetConfig
                0x08003220       0x8c CMakeFiles/RA99+LED_STM32CBU6_PINconfigure.elf.dir/Drivers/STM32G4xx_HAL_Driver/Src/stm32g4xx_hal_tim.c.obj
 .text.TIM_OC4_SetConfig
                0x080032ac       0x8c CMakeFiles/RA99+LED_STM32CBU6_PINconfigure.elf.dir/Drivers/STM32G4xx_HAL_Driver/Src/stm32g4xx_hal_tim.c.obj
 .text.TIM_OC5_SetConfig
                0x08003338       0x68 CMakeFiles/RA99+LED_STM32CBU6_PINconfigure.elf.dir/Drivers/STM32G4xx_HAL_Driver/Src/stm32g4xx_hal_tim.c.obj
 .text.TIM_OC6_SetConfig
                0x080033a0       0x6c CMakeFiles/RA99+LED_STM32CBU6_PINconfigure.elf.dir/Drivers/STM32G4xx_HAL_Driver/Src/stm32g4xx_hal_tim.c.obj
 .text.TIM_TI1_ConfigInputStage
                0x0800340c       0x24 CMakeFiles/RA99+LED_STM32CBU6_PINconfigure.elf.dir/Drivers/STM32G4xx_HAL_Driver/Src/stm32g4xx_hal_tim.c.obj
 .text.TIM_TI2_ConfigInputStage
                0x08003430       0x26 CMakeFiles/RA99+LED_STM32CBU6_PINconfigure.elf.dir/Drivers/STM32G4xx_HAL_Driver/Src/stm32g4xx_hal_tim.c.obj
 .text.TIM_ITRx_SetConfig
                0x08003456       0x14 CMakeFiles/RA99+LED_STM32CBU6_PINconfigure.elf.dir/Drivers/STM32G4xx_HAL_Driver/Src/stm32g4xx_hal_tim.c.obj
 *fill*         0x0800346a        0x2 
 .text.HAL_TIM_Base_Start_IT
                0x0800346c       0x84 CMakeFiles/RA99+LED_STM32CBU6_PINconfigure.elf.dir/Drivers/STM32G4xx_HAL_Driver/Src/stm32g4xx_hal_tim.c.obj
                0x0800346c                HAL_TIM_Base_Start_IT
 .text.HAL_TIM_PeriodElapsedCallback
                0x080034f0        0x2 CMakeFiles/RA99+LED_STM32CBU6_PINconfigure.elf.dir/Drivers/STM32G4xx_HAL_Driver/Src/stm32g4xx_hal_tim.c.obj
                0x080034f0                HAL_TIM_PeriodElapsedCallback
 .text.HAL_TIM_OC_DelayElapsedCallback
                0x080034f2        0x2 CMakeFiles/RA99+LED_STM32CBU6_PINconfigure.elf.dir/Drivers/STM32G4xx_HAL_Driver/Src/stm32g4xx_hal_tim.c.obj
                0x080034f2                HAL_TIM_OC_DelayElapsedCallback
 .text.HAL_TIM_IC_CaptureCallback
                0x080034f4        0x2 CMakeFiles/RA99+LED_STM32CBU6_PINconfigure.elf.dir/Drivers/STM32G4xx_HAL_Driver/Src/stm32g4xx_hal_tim.c.obj
                0x080034f4                HAL_TIM_IC_CaptureCallback
 .text.TIM_DMADelayPulseCplt
                0x080034f6       0x70 CMakeFiles/RA99+LED_STM32CBU6_PINconfigure.elf.dir/Drivers/STM32G4xx_HAL_Driver/Src/stm32g4xx_hal_tim.c.obj
 .text.HAL_TIM_PWM_PulseFinishedHalfCpltCallback
                0x08003566        0x2 CMakeFiles/RA99+LED_STM32CBU6_PINconfigure.elf.dir/Drivers/STM32G4xx_HAL_Driver/Src/stm32g4xx_hal_tim.c.obj
                0x08003566                HAL_TIM_PWM_PulseFinishedHalfCpltCallback
 .text.TIM_DMADelayPulseHalfCplt
                0x08003568       0x3e CMakeFiles/RA99+LED_STM32CBU6_PINconfigure.elf.dir/Drivers/STM32G4xx_HAL_Driver/Src/stm32g4xx_hal_tim.c.obj
                0x08003568                TIM_DMADelayPulseHalfCplt
 .text.HAL_TIM_TriggerCallback
                0x080035a6        0x2 CMakeFiles/RA99+LED_STM32CBU6_PINconfigure.elf.dir/Drivers/STM32G4xx_HAL_Driver/Src/stm32g4xx_hal_tim.c.obj
                0x080035a6                HAL_TIM_TriggerCallback
 .text.HAL_TIM_IRQHandler
                0x080035a8      0x1ea CMakeFiles/RA99+LED_STM32CBU6_PINconfigure.elf.dir/Drivers/STM32G4xx_HAL_Driver/Src/stm32g4xx_hal_tim.c.obj
                0x080035a8                HAL_TIM_IRQHandler
 .text.HAL_TIM_ErrorCallback
                0x08003792        0x2 CMakeFiles/RA99+LED_STM32CBU6_PINconfigure.elf.dir/Drivers/STM32G4xx_HAL_Driver/Src/stm32g4xx_hal_tim.c.obj
                0x08003792                HAL_TIM_ErrorCallback
 .text.TIM_DMAError
                0x08003794       0x5c CMakeFiles/RA99+LED_STM32CBU6_PINconfigure.elf.dir/Drivers/STM32G4xx_HAL_Driver/Src/stm32g4xx_hal_tim.c.obj
                0x08003794                TIM_DMAError
 .text.TIM_Base_SetConfig
                0x080037f0       0xc8 CMakeFiles/RA99+LED_STM32CBU6_PINconfigure.elf.dir/Drivers/STM32G4xx_HAL_Driver/Src/stm32g4xx_hal_tim.c.obj
                0x080037f0                TIM_Base_SetConfig
 .text.HAL_TIM_Base_Init
                0x080038b8       0x60 CMakeFiles/RA99+LED_STM32CBU6_PINconfigure.elf.dir/Drivers/STM32G4xx_HAL_Driver/Src/stm32g4xx_hal_tim.c.obj
                0x080038b8                HAL_TIM_Base_Init
 .text.HAL_TIM_PWM_Init
                0x08003918       0x60 CMakeFiles/RA99+LED_STM32CBU6_PINconfigure.elf.dir/Drivers/STM32G4xx_HAL_Driver/Src/stm32g4xx_hal_tim.c.obj
                0x08003918                HAL_TIM_PWM_Init
 .text.TIM_OC2_SetConfig
                0x08003978       0x8c CMakeFiles/RA99+LED_STM32CBU6_PINconfigure.elf.dir/Drivers/STM32G4xx_HAL_Driver/Src/stm32g4xx_hal_tim.c.obj
                0x08003978                TIM_OC2_SetConfig
 .text.HAL_TIM_PWM_ConfigChannel
                0x08003a04      0x13a CMakeFiles/RA99+LED_STM32CBU6_PINconfigure.elf.dir/Drivers/STM32G4xx_HAL_Driver/Src/stm32g4xx_hal_tim.c.obj
                0x08003a04                HAL_TIM_PWM_ConfigChannel
 .text.TIM_ETR_SetConfig
                0x08003b3e       0x18 CMakeFiles/RA99+LED_STM32CBU6_PINconfigure.elf.dir/Drivers/STM32G4xx_HAL_Driver/Src/stm32g4xx_hal_tim.c.obj
                0x08003b3e                TIM_ETR_SetConfig
 *fill*         0x08003b56        0x2 
 .text.HAL_TIM_ConfigClockSource
                0x08003b58      0x138 CMakeFiles/RA99+LED_STM32CBU6_PINconfigure.elf.dir/Drivers/STM32G4xx_HAL_Driver/Src/stm32g4xx_hal_tim.c.obj
                0x08003b58                HAL_TIM_ConfigClockSource
 .text.TIM_CCxChannelCmd
                0x08003c90       0x1e CMakeFiles/RA99+LED_STM32CBU6_PINconfigure.elf.dir/Drivers/STM32G4xx_HAL_Driver/Src/stm32g4xx_hal_tim.c.obj
                0x08003c90                TIM_CCxChannelCmd
 *fill*         0x08003cae        0x2 
 .text.HAL_TIM_PWM_Start_DMA
                0x08003cb0      0x328 CMakeFiles/RA99+LED_STM32CBU6_PINconfigure.elf.dir/Drivers/STM32G4xx_HAL_Driver/Src/stm32g4xx_hal_tim.c.obj
                0x08003cb0                HAL_TIM_PWM_Start_DMA
 .text.HAL_TIM_PWM_Stop_DMA
                0x08003fd8      0x130 CMakeFiles/RA99+LED_STM32CBU6_PINconfigure.elf.dir/Drivers/STM32G4xx_HAL_Driver/Src/stm32g4xx_hal_tim.c.obj
                0x08003fd8                HAL_TIM_PWM_Stop_DMA
 .text.HAL_TIMEx_MasterConfigSynchronization
                0x08004108       0x94 CMakeFiles/RA99+LED_STM32CBU6_PINconfigure.elf.dir/Drivers/STM32G4xx_HAL_Driver/Src/stm32g4xx_hal_tim_ex.c.obj
                0x08004108                HAL_TIMEx_MasterConfigSynchronization
 .text.HAL_TIMEx_ConfigBreakDeadTime
                0x0800419c       0x9c CMakeFiles/RA99+LED_STM32CBU6_PINconfigure.elf.dir/Drivers/STM32G4xx_HAL_Driver/Src/stm32g4xx_hal_tim_ex.c.obj
                0x0800419c                HAL_TIMEx_ConfigBreakDeadTime
 .text.HAL_TIMEx_CommutCallback
                0x08004238        0x2 CMakeFiles/RA99+LED_STM32CBU6_PINconfigure.elf.dir/Drivers/STM32G4xx_HAL_Driver/Src/stm32g4xx_hal_tim_ex.c.obj
                0x08004238                HAL_TIMEx_CommutCallback
 .text.HAL_TIMEx_BreakCallback
                0x0800423a        0x2 CMakeFiles/RA99+LED_STM32CBU6_PINconfigure.elf.dir/Drivers/STM32G4xx_HAL_Driver/Src/stm32g4xx_hal_tim_ex.c.obj
                0x0800423a                HAL_TIMEx_BreakCallback
 .text.HAL_TIMEx_Break2Callback
                0x0800423c        0x2 CMakeFiles/RA99+LED_STM32CBU6_PINconfigure.elf.dir/Drivers/STM32G4xx_HAL_Driver/Src/stm32g4xx_hal_tim_ex.c.obj
                0x0800423c                HAL_TIMEx_Break2Callback
 .text.HAL_TIMEx_EncoderIndexCallback
                0x0800423e        0x2 CMakeFiles/RA99+LED_STM32CBU6_PINconfigure.elf.dir/Drivers/STM32G4xx_HAL_Driver/Src/stm32g4xx_hal_tim_ex.c.obj
                0x0800423e                HAL_TIMEx_EncoderIndexCallback
 .text.HAL_TIMEx_DirectionChangeCallback
                0x08004240        0x2 CMakeFiles/RA99+LED_STM32CBU6_PINconfigure.elf.dir/Drivers/STM32G4xx_HAL_Driver/Src/stm32g4xx_hal_tim_ex.c.obj
                0x08004240                HAL_TIMEx_DirectionChangeCallback
 .text.HAL_TIMEx_IndexErrorCallback
                0x08004242        0x2 CMakeFiles/RA99+LED_STM32CBU6_PINconfigure.elf.dir/Drivers/STM32G4xx_HAL_Driver/Src/stm32g4xx_hal_tim_ex.c.obj
                0x08004242                HAL_TIMEx_IndexErrorCallback
 .text.HAL_TIMEx_TransitionErrorCallback
                0x08004244        0x2 CMakeFiles/RA99+LED_STM32CBU6_PINconfigure.elf.dir/Drivers/STM32G4xx_HAL_Driver/Src/stm32g4xx_hal_tim_ex.c.obj
                0x08004244                HAL_TIMEx_TransitionErrorCallback
 .text.UART_EndRxTransfer
                0x08004246       0x56 CMakeFiles/RA99+LED_STM32CBU6_PINconfigure.elf.dir/Drivers/STM32G4xx_HAL_Driver/Src/stm32g4xx_hal_uart.c.obj
 .text.UART_SetConfig
                0x0800429c      0x344 CMakeFiles/RA99+LED_STM32CBU6_PINconfigure.elf.dir/Drivers/STM32G4xx_HAL_Driver/Src/stm32g4xx_hal_uart.c.obj
                0x0800429c                UART_SetConfig
 .text.UART_AdvFeatureConfig
                0x080045e0       0xca CMakeFiles/RA99+LED_STM32CBU6_PINconfigure.elf.dir/Drivers/STM32G4xx_HAL_Driver/Src/stm32g4xx_hal_uart.c.obj
                0x080045e0                UART_AdvFeatureConfig
 .text.UART_WaitOnFlagUntilTimeout
                0x080046aa       0x9e CMakeFiles/RA99+LED_STM32CBU6_PINconfigure.elf.dir/Drivers/STM32G4xx_HAL_Driver/Src/stm32g4xx_hal_uart.c.obj
                0x080046aa                UART_WaitOnFlagUntilTimeout
 .text.UART_CheckIdleState
                0x08004748       0xca CMakeFiles/RA99+LED_STM32CBU6_PINconfigure.elf.dir/Drivers/STM32G4xx_HAL_Driver/Src/stm32g4xx_hal_uart.c.obj
                0x08004748                UART_CheckIdleState
 .text.HAL_UART_Init
                0x08004812       0x66 CMakeFiles/RA99+LED_STM32CBU6_PINconfigure.elf.dir/Drivers/STM32G4xx_HAL_Driver/Src/stm32g4xx_hal_uart.c.obj
                0x08004812                HAL_UART_Init
 .text.UARTEx_SetNbDataToProcess
                0x08004878       0x4c CMakeFiles/RA99+LED_STM32CBU6_PINconfigure.elf.dir/Drivers/STM32G4xx_HAL_Driver/Src/stm32g4xx_hal_uart_ex.c.obj
 .text.HAL_UARTEx_DisableFifoMode
                0x080048c4       0x3e CMakeFiles/RA99+LED_STM32CBU6_PINconfigure.elf.dir/Drivers/STM32G4xx_HAL_Driver/Src/stm32g4xx_hal_uart_ex.c.obj
                0x080048c4                HAL_UARTEx_DisableFifoMode
 .text.HAL_UARTEx_SetTxFifoThreshold
                0x08004902       0x4a CMakeFiles/RA99+LED_STM32CBU6_PINconfigure.elf.dir/Drivers/STM32G4xx_HAL_Driver/Src/stm32g4xx_hal_uart_ex.c.obj
                0x08004902                HAL_UARTEx_SetTxFifoThreshold
 .text.HAL_UARTEx_SetRxFifoThreshold
                0x0800494c       0x4a CMakeFiles/RA99+LED_STM32CBU6_PINconfigure.elf.dir/Drivers/STM32G4xx_HAL_Driver/Src/stm32g4xx_hal_uart_ex.c.obj
                0x0800494c                HAL_UARTEx_SetRxFifoThreshold
 *fill*         0x08004996        0x2 
 .text.HAL_TIM_PWM_PulseFinishedCallback
                0x08004998       0x18 CMakeFiles/RA99+LED_STM32CBU6_PINconfigure.elf.dir/cafuu_code/Src/argb_platform.c.obj
                0x08004998                HAL_TIM_PWM_PulseFinishedCallback
 .text.UZCC_TIM_init
                0x080049b0       0xb8 CMakeFiles/RA99+LED_STM32CBU6_PINconfigure.elf.dir/own_function/Src/Unipolar_zeroing_code_communication.c.obj
                0x080049b0                UZCC_TIM_init
 .text.UZCC_CCR_init
                0x08004a68       0x38 CMakeFiles/RA99+LED_STM32CBU6_PINconfigure.elf.dir/own_function/Src/Unipolar_zeroing_code_communication.c.obj
                0x08004a68                UZCC_CCR_init
 .text.UZCC_uint8_data_len_build
                0x08004aa0       0x4a CMakeFiles/RA99+LED_STM32CBU6_PINconfigure.elf.dir/own_function/Src/Unipolar_zeroing_code_communication.c.obj
                0x08004aa0                UZCC_uint8_data_len_build
 .text.UZCC_uint8_set_data
                0x08004aea       0x40 CMakeFiles/RA99+LED_STM32CBU6_PINconfigure.elf.dir/own_function/Src/Unipolar_zeroing_code_communication.c.obj
                0x08004aea                UZCC_uint8_set_data
 .text.UZCC_uint8_set_ex_data
                0x08004b2a       0x40 CMakeFiles/RA99+LED_STM32CBU6_PINconfigure.elf.dir/own_function/Src/Unipolar_zeroing_code_communication.c.obj
                0x08004b2a                UZCC_uint8_set_ex_data
 .text.UZCC_uint8_tx_build
                0x08004b6a       0x94 CMakeFiles/RA99+LED_STM32CBU6_PINconfigure.elf.dir/own_function/Src/Unipolar_zeroing_code_communication.c.obj
                0x08004b6a                UZCC_uint8_tx_build
 .text.UZCC_uint8_DMA_send
                0x08004bfe       0x26 CMakeFiles/RA99+LED_STM32CBU6_PINconfigure.elf.dir/own_function/Src/Unipolar_zeroing_code_communication.c.obj
                0x08004bfe                UZCC_uint8_DMA_send
 *fill*         0x08004c24        0x4 
 .text.argb_typedefine
                0x08004c28       0x80 CMakeFiles/RA99+LED_STM32CBU6_PINconfigure.elf.dir/own_function/Src/argb_tx.c.obj
                0x08004c28                argb_typedefine
 .text.argb_init
                0x08004ca8       0x50 CMakeFiles/RA99+LED_STM32CBU6_PINconfigure.elf.dir/own_function/Src/argb_tx.c.obj
                0x08004ca8                argb_init
 .text.argb_set_single_data
                0x08004cf8       0x1a CMakeFiles/RA99+LED_STM32CBU6_PINconfigure.elf.dir/own_function/Src/argb_tx.c.obj
                0x08004cf8                argb_set_single_data
 .text.argb_set_ex_data
                0x08004d12       0x16 CMakeFiles/RA99+LED_STM32CBU6_PINconfigure.elf.dir/own_function/Src/argb_tx.c.obj
                0x08004d12                argb_set_ex_data
 .text.argb_clear_data
                0x08004d28       0x3e CMakeFiles/RA99+LED_STM32CBU6_PINconfigure.elf.dir/own_function/Src/argb_tx.c.obj
                0x08004d28                argb_clear_data
 .text.argb_UZCC_uint8_send
                0x08004d66       0x30 CMakeFiles/RA99+LED_STM32CBU6_PINconfigure.elf.dir/own_function/Src/argb_tx.c.obj
                0x08004d66                argb_UZCC_uint8_send
 *fill*         0x08004d96        0x2 
 .text.__udivmoddi4
                0x08004d98      0x2bc c:/dev/arm-gnu-toolchain-12.2.rel1_abort/bin/../lib/gcc/arm-none-eabi/12.2.1/thumb/v7e-m/nofp\libgcc.a(_udivmoddi4.o)
                0x08004d98                __udivmoddi4
 .text.malloc   0x08005054       0x10 c:/dev/arm-gnu-toolchain-12.2.rel1_abort/bin/../lib/gcc/arm-none-eabi/12.2.1/thumb/v7e-m/nofp\libg.a(libc_a-malloc.o)
                0x08005054                malloc
 .text._malloc_r
                0x08005064      0x55c c:/dev/arm-gnu-toolchain-12.2.rel1_abort/bin/../lib/gcc/arm-none-eabi/12.2.1/thumb/v7e-m/nofp\libg.a(libc_a-mallocr.o)
                0x08005064                _malloc_r
 .text.__malloc_lock
                0x080055c0        0xc c:/dev/arm-gnu-toolchain-12.2.rel1_abort/bin/../lib/gcc/arm-none-eabi/12.2.1/thumb/v7e-m/nofp\libg.a(libc_a-mlock.o)
                0x080055c0                __malloc_lock
 .text.__malloc_unlock
                0x080055cc        0xc c:/dev/arm-gnu-toolchain-12.2.rel1_abort/bin/../lib/gcc/arm-none-eabi/12.2.1/thumb/v7e-m/nofp\libg.a(libc_a-mlock.o)
                0x080055cc                __malloc_unlock
 .text.memset   0x080055d8       0xa4 c:/dev/arm-gnu-toolchain-12.2.rel1_abort/bin/../lib/gcc/arm-none-eabi/12.2.1/thumb/v7e-m/nofp\libg.a(libc_a-memset.o)
                0x080055d8                memset
 .text._sbrk_r  0x0800567c       0x24 c:/dev/arm-gnu-toolchain-12.2.rel1_abort/bin/../lib/gcc/arm-none-eabi/12.2.1/thumb/v7e-m/nofp\libg.a(libc_a-sbrkr.o)
                0x0800567c                _sbrk_r
 .text.__errno  0x080056a0        0xc c:/dev/arm-gnu-toolchain-12.2.rel1_abort/bin/../lib/gcc/arm-none-eabi/12.2.1/thumb/v7e-m/nofp\libg.a(libc_a-errno.o)
                0x080056a0                __errno
 .text.__libc_init_array
                0x080056ac       0x50 c:/dev/arm-gnu-toolchain-12.2.rel1_abort/bin/../lib/gcc/arm-none-eabi/12.2.1/thumb/v7e-m/nofp\libg.a(libc_a-init.o)
                0x080056ac                __libc_init_array
 .text.__retarget_lock_acquire_recursive
                0x080056fc        0x4 c:/dev/arm-gnu-toolchain-12.2.rel1_abort/bin/../lib/gcc/arm-none-eabi/12.2.1/thumb/v7e-m/nofp\libg.a(libc_a-lock.o)
                0x080056fc                __retarget_lock_acquire_recursive
 .text.__retarget_lock_release_recursive
                0x08005700        0x4 c:/dev/arm-gnu-toolchain-12.2.rel1_abort/bin/../lib/gcc/arm-none-eabi/12.2.1/thumb/v7e-m/nofp\libg.a(libc_a-lock.o)
                0x08005700                __retarget_lock_release_recursive
 .text.sysconf  0x08005704       0x1c c:/dev/arm-gnu-toolchain-12.2.rel1_abort/bin/../lib/gcc/arm-none-eabi/12.2.1/thumb/v7e-m/nofp\libg.a(libc_a-sysconf.o)
                0x08005704                sysconf
 .text.startup.register_fini
                0x08005720       0x14 c:/dev/arm-gnu-toolchain-12.2.rel1_abort/bin/../lib/gcc/arm-none-eabi/12.2.1/thumb/v7e-m/nofp\libg.a(libc_a-__call_atexit.o)
 .text.atexit   0x08005734        0xc c:/dev/arm-gnu-toolchain-12.2.rel1_abort/bin/../lib/gcc/arm-none-eabi/12.2.1/thumb/v7e-m/nofp\libg.a(libc_a-atexit.o)
                0x08005734                atexit
 .text._malloc_trim_r
                0x08005740       0xb8 c:/dev/arm-gnu-toolchain-12.2.rel1_abort/bin/../lib/gcc/arm-none-eabi/12.2.1/thumb/v7e-m/nofp\libg.a(libc_a-freer.o)
                0x08005740                _malloc_trim_r
 .text._free_r  0x080057f8      0x204 c:/dev/arm-gnu-toolchain-12.2.rel1_abort/bin/../lib/gcc/arm-none-eabi/12.2.1/thumb/v7e-m/nofp\libg.a(libc_a-freer.o)
                0x080057f8                _free_r
 .text.__libc_fini_array
                0x080059fc       0x28 c:/dev/arm-gnu-toolchain-12.2.rel1_abort/bin/../lib/gcc/arm-none-eabi/12.2.1/thumb/v7e-m/nofp\libg.a(libc_a-fini.o)
                0x080059fc                __libc_fini_array
 .text.__register_exitproc
                0x08005a24       0x88 c:/dev/arm-gnu-toolchain-12.2.rel1_abort/bin/../lib/gcc/arm-none-eabi/12.2.1/thumb/v7e-m/nofp\libg.a(libc_a-__atexit.o)
                0x08005a24                __register_exitproc
 *(.glue_7)
 .glue_7        0x08005aac        0x0 linker stubs
 *(.glue_7t)
 .glue_7t       0x08005aac        0x0 linker stubs
 *(.eh_frame)
 .eh_frame      0x08005aac        0x0 c:/dev/arm-gnu-toolchain-12.2.rel1_abort/bin/../lib/gcc/arm-none-eabi/12.2.1/thumb/v7e-m/nofp/crtbegin.o
 *(.init)
 .init          0x08005aac        0x4 c:/dev/arm-gnu-toolchain-12.2.rel1_abort/bin/../lib/gcc/arm-none-eabi/12.2.1/thumb/v7e-m/nofp/crti.o
                0x08005aac                _init
 .init          0x08005ab0        0x8 c:/dev/arm-gnu-toolchain-12.2.rel1_abort/bin/../lib/gcc/arm-none-eabi/12.2.1/thumb/v7e-m/nofp/crtn.o
 *(.fini)
 .fini          0x08005ab8        0x4 c:/dev/arm-gnu-toolchain-12.2.rel1_abort/bin/../lib/gcc/arm-none-eabi/12.2.1/thumb/v7e-m/nofp/crti.o
                0x08005ab8                _fini
 .fini          0x08005abc        0x8 c:/dev/arm-gnu-toolchain-12.2.rel1_abort/bin/../lib/gcc/arm-none-eabi/12.2.1/thumb/v7e-m/nofp/crtn.o
                0x08005ac4                . = ALIGN (0x4)
                0x08005ac4                _etext = .

.vfp11_veneer   0x08005ac4        0x0
 .vfp11_veneer  0x08005ac4        0x0 linker stubs

.v4_bx          0x08005ac4        0x0
 .v4_bx         0x08005ac4        0x0 linker stubs

.iplt           0x08005ac4        0x0
 .iplt          0x08005ac4        0x0 c:/dev/arm-gnu-toolchain-12.2.rel1_abort/bin/../lib/gcc/arm-none-eabi/12.2.1/thumb/v7e-m/nofp/crtbegin.o

.rodata         0x08005ac4       0x44
                0x08005ac4                . = ALIGN (0x4)
 *(.rodata)
 *(.rodata*)
 .rodata.main.str1.4
                0x08005ac4        0x4 CMakeFiles/RA99+LED_STM32CBU6_PINconfigure.elf.dir/Core/Src/main.c.obj
 .rodata.APBPrescTable
                0x08005ac8        0x8 CMakeFiles/RA99+LED_STM32CBU6_PINconfigure.elf.dir/Core/Src/system_stm32g4xx.c.obj
                0x08005ac8                APBPrescTable
 .rodata.AHBPrescTable
                0x08005ad0       0x10 CMakeFiles/RA99+LED_STM32CBU6_PINconfigure.elf.dir/Core/Src/system_stm32g4xx.c.obj
                0x08005ad0                AHBPrescTable
 .rodata.UARTPrescTable
                0x08005ae0       0x18 CMakeFiles/RA99+LED_STM32CBU6_PINconfigure.elf.dir/Drivers/STM32G4xx_HAL_Driver/Src/stm32g4xx_hal_uart.c.obj
                0x08005ae0                UARTPrescTable
 .rodata.denominator.0
                0x08005af8        0x8 CMakeFiles/RA99+LED_STM32CBU6_PINconfigure.elf.dir/Drivers/STM32G4xx_HAL_Driver/Src/stm32g4xx_hal_uart_ex.c.obj
 .rodata.numerator.1
                0x08005b00        0x8 CMakeFiles/RA99+LED_STM32CBU6_PINconfigure.elf.dir/Drivers/STM32G4xx_HAL_Driver/Src/stm32g4xx_hal_uart_ex.c.obj
                0x08005b08                . = ALIGN (0x4)

.ARM.extab      0x08005b08        0x0
                0x08005b08                . = ALIGN (0x4)
 *(.ARM.extab* .gnu.linkonce.armextab.*)
                0x08005b08                . = ALIGN (0x4)

.ARM            0x08005b08        0x8
                0x08005b08                . = ALIGN (0x4)
                0x08005b08                __exidx_start = .
 *(.ARM.exidx*)
 .ARM.exidx.text.__udivmoddi4
                0x08005b08        0x8 c:/dev/arm-gnu-toolchain-12.2.rel1_abort/bin/../lib/gcc/arm-none-eabi/12.2.1/thumb/v7e-m/nofp\libgcc.a(_udivmoddi4.o)
                0x08005b10                __exidx_end = .
                0x08005b10                . = ALIGN (0x4)

.preinit_array  0x08005b10        0x0
                0x08005b10                . = ALIGN (0x4)
                0x08005b10                PROVIDE (__preinit_array_start = .)
 *(.preinit_array*)
                0x08005b10                PROVIDE (__preinit_array_end = .)
                0x08005b10                . = ALIGN (0x4)

.init_array     0x08005b10        0x8
                0x08005b10                . = ALIGN (0x4)
                0x08005b10                PROVIDE (__init_array_start = .)
 *(SORT_BY_NAME(.init_array.*))
 .init_array.00000
                0x08005b10        0x4 c:/dev/arm-gnu-toolchain-12.2.rel1_abort/bin/../lib/gcc/arm-none-eabi/12.2.1/thumb/v7e-m/nofp\libg.a(libc_a-__call_atexit.o)
 *(.init_array*)
 .init_array    0x08005b14        0x4 c:/dev/arm-gnu-toolchain-12.2.rel1_abort/bin/../lib/gcc/arm-none-eabi/12.2.1/thumb/v7e-m/nofp/crtbegin.o
                0x08005b18                PROVIDE (__init_array_end = .)
                0x08005b18                . = ALIGN (0x4)

.fini_array     0x08005b18        0x4
                0x08005b18                . = ALIGN (0x4)
                0x08005b18                PROVIDE (__fini_array_start = .)
 *(SORT_BY_NAME(.fini_array.*))
 *(.fini_array*)
 .fini_array    0x08005b18        0x4 c:/dev/arm-gnu-toolchain-12.2.rel1_abort/bin/../lib/gcc/arm-none-eabi/12.2.1/thumb/v7e-m/nofp/crtbegin.o
                0x08005b1c                PROVIDE (__fini_array_end = .)
                0x08005b1c                . = ALIGN (0x4)
                0x08005b1c                _sidata = LOADADDR (.data)

.rel.dyn        0x08005b1c        0x0
 .rel.iplt      0x08005b1c        0x0 c:/dev/arm-gnu-toolchain-12.2.rel1_abort/bin/../lib/gcc/arm-none-eabi/12.2.1/thumb/v7e-m/nofp/crtbegin.o

.data           0x20000000      0x54c load address 0x08005b1c
                0x20000000                . = ALIGN (0x4)
                0x20000000                _sdata = .
 *(.data)
 *(.data*)
 .data.SystemCoreClock
                0x20000000        0x4 CMakeFiles/RA99+LED_STM32CBU6_PINconfigure.elf.dir/Core/Src/system_stm32g4xx.c.obj
                0x20000000                SystemCoreClock
 .data.uwTickFreq
                0x20000004        0x4 CMakeFiles/RA99+LED_STM32CBU6_PINconfigure.elf.dir/Drivers/STM32G4xx_HAL_Driver/Src/stm32g4xx_hal.c.obj
                0x20000004                uwTickFreq
 .data.uwTickPrio
                0x20000008        0x4 CMakeFiles/RA99+LED_STM32CBU6_PINconfigure.elf.dir/Drivers/STM32G4xx_HAL_Driver/Src/stm32g4xx_hal.c.obj
                0x20000008                uwTickPrio
 .data.__malloc_sbrk_base
                0x2000000c        0x4 c:/dev/arm-gnu-toolchain-12.2.rel1_abort/bin/../lib/gcc/arm-none-eabi/12.2.1/thumb/v7e-m/nofp\libg.a(libc_a-mallocr.o)
                0x2000000c                __malloc_sbrk_base
 .data.__malloc_trim_threshold
                0x20000010        0x4 c:/dev/arm-gnu-toolchain-12.2.rel1_abort/bin/../lib/gcc/arm-none-eabi/12.2.1/thumb/v7e-m/nofp\libg.a(libc_a-mallocr.o)
                0x20000010                __malloc_trim_threshold
 *fill*         0x20000014        0x4 
 .data.__malloc_av_
                0x20000018      0x408 c:/dev/arm-gnu-toolchain-12.2.rel1_abort/bin/../lib/gcc/arm-none-eabi/12.2.1/thumb/v7e-m/nofp\libg.a(libc_a-mallocr.o)
                0x20000018                __malloc_av_
 .data._impure_ptr
                0x20000420        0x4 c:/dev/arm-gnu-toolchain-12.2.rel1_abort/bin/../lib/gcc/arm-none-eabi/12.2.1/thumb/v7e-m/nofp\libg.a(libc_a-impure.o)
                0x20000420                _impure_ptr
 *fill*         0x20000424        0x4 
 .data._impure_data
                0x20000428      0x120 c:/dev/arm-gnu-toolchain-12.2.rel1_abort/bin/../lib/gcc/arm-none-eabi/12.2.1/thumb/v7e-m/nofp\libg.a(libc_a-impure.o)
                0x20000428                _impure_data
 .data.__atexit_recursive_mutex
                0x20000548        0x4 c:/dev/arm-gnu-toolchain-12.2.rel1_abort/bin/../lib/gcc/arm-none-eabi/12.2.1/thumb/v7e-m/nofp\libg.a(libc_a-__call_atexit.o)
                0x20000548                __atexit_recursive_mutex
 *(.RamFunc)
 *(.RamFunc*)
                0x2000054c                . = ALIGN (0x4)
                0x2000054c                _edata = .

.tm_clone_table
                0x2000054c        0x0 load address 0x08006068
 .tm_clone_table
                0x2000054c        0x0 c:/dev/arm-gnu-toolchain-12.2.rel1_abort/bin/../lib/gcc/arm-none-eabi/12.2.1/thumb/v7e-m/nofp/crtbegin.o
 .tm_clone_table
                0x2000054c        0x0 c:/dev/arm-gnu-toolchain-12.2.rel1_abort/bin/../lib/gcc/arm-none-eabi/12.2.1/thumb/v7e-m/nofp/crtend.o

.igot.plt       0x2000054c        0x0 load address 0x08006068
 .igot.plt      0x2000054c        0x0 c:/dev/arm-gnu-toolchain-12.2.rel1_abort/bin/../lib/gcc/arm-none-eabi/12.2.1/thumb/v7e-m/nofp/crtbegin.o
                0x2000054c                . = ALIGN (0x4)

.bss            0x2000054c      0x93c load address 0x08006068
                0x2000054c                _sbss = .
                0x2000054c                __bss_start__ = _sbss
 *(.bss)
 *(.bss*)
 .bss.completed.1
                0x2000054c        0x1 c:/dev/arm-gnu-toolchain-12.2.rel1_abort/bin/../lib/gcc/arm-none-eabi/12.2.1/thumb/v7e-m/nofp/crtbegin.o
 *fill*         0x2000054d        0x3 
 .bss.object.0  0x20000550       0x18 c:/dev/arm-gnu-toolchain-12.2.rel1_abort/bin/../lib/gcc/arm-none-eabi/12.2.1/thumb/v7e-m/nofp/crtbegin.o
 .bss.hfdcan1   0x20000568       0x64 CMakeFiles/RA99+LED_STM32CBU6_PINconfigure.elf.dir/Core/Src/fdcan.c.obj
                0x20000568                hfdcan1
 .bss.hi2c1     0x200005cc       0x54 CMakeFiles/RA99+LED_STM32CBU6_PINconfigure.elf.dir/Core/Src/i2c.c.obj
                0x200005cc                hi2c1
 .bss.SB        0x20000620        0x1 CMakeFiles/RA99+LED_STM32CBU6_PINconfigure.elf.dir/Core/Src/main.c.obj
                0x20000620                SB
 *fill*         0x20000621        0x3 
 .bss.__sbrk_heap_end
                0x20000624        0x4 CMakeFiles/RA99+LED_STM32CBU6_PINconfigure.elf.dir/Core/Src/sysmem.c.obj
 .bss.hdma_tim15_com
                0x20000628       0x60 CMakeFiles/RA99+LED_STM32CBU6_PINconfigure.elf.dir/Core/Src/tim.c.obj
                0x20000628                hdma_tim15_com
 .bss.hdma_tim4_up
                0x20000688       0x60 CMakeFiles/RA99+LED_STM32CBU6_PINconfigure.elf.dir/Core/Src/tim.c.obj
                0x20000688                hdma_tim4_up
 .bss.hdma_tim3_ch4
                0x200006e8       0x60 CMakeFiles/RA99+LED_STM32CBU6_PINconfigure.elf.dir/Core/Src/tim.c.obj
                0x200006e8                hdma_tim3_ch4
 .bss.hdma_tim2_ch4
                0x20000748       0x60 CMakeFiles/RA99+LED_STM32CBU6_PINconfigure.elf.dir/Core/Src/tim.c.obj
                0x20000748                hdma_tim2_ch4
 .bss.htim17    0x200007a8       0x4c CMakeFiles/RA99+LED_STM32CBU6_PINconfigure.elf.dir/Core/Src/tim.c.obj
                0x200007a8                htim17
 .bss.htim16    0x200007f4       0x4c CMakeFiles/RA99+LED_STM32CBU6_PINconfigure.elf.dir/Core/Src/tim.c.obj
                0x200007f4                htim16
 .bss.htim15    0x20000840       0x4c CMakeFiles/RA99+LED_STM32CBU6_PINconfigure.elf.dir/Core/Src/tim.c.obj
                0x20000840                htim15
 .bss.htim7     0x2000088c       0x4c CMakeFiles/RA99+LED_STM32CBU6_PINconfigure.elf.dir/Core/Src/tim.c.obj
                0x2000088c                htim7
 .bss.htim4     0x200008d8       0x4c CMakeFiles/RA99+LED_STM32CBU6_PINconfigure.elf.dir/Core/Src/tim.c.obj
                0x200008d8                htim4
 .bss.htim3     0x20000924       0x4c CMakeFiles/RA99+LED_STM32CBU6_PINconfigure.elf.dir/Core/Src/tim.c.obj
                0x20000924                htim3
 .bss.htim2     0x20000970       0x4c CMakeFiles/RA99+LED_STM32CBU6_PINconfigure.elf.dir/Core/Src/tim.c.obj
                0x20000970                htim2
 .bss.huart3    0x200009bc       0x94 CMakeFiles/RA99+LED_STM32CBU6_PINconfigure.elf.dir/Core/Src/usart.c.obj
                0x200009bc                huart3
 .bss.huart2    0x20000a50       0x94 CMakeFiles/RA99+LED_STM32CBU6_PINconfigure.elf.dir/Core/Src/usart.c.obj
                0x20000a50                huart2
 .bss.huart1    0x20000ae4       0x94 CMakeFiles/RA99+LED_STM32CBU6_PINconfigure.elf.dir/Core/Src/usart.c.obj
                0x20000ae4                huart1
 .bss.uwTick    0x20000b78        0x4 CMakeFiles/RA99+LED_STM32CBU6_PINconfigure.elf.dir/Drivers/STM32G4xx_HAL_Driver/Src/stm32g4xx_hal.c.obj
                0x20000b78                uwTick
 .bss.__malloc_current_mallinfo
                0x20000b7c       0x28 c:/dev/arm-gnu-toolchain-12.2.rel1_abort/bin/../lib/gcc/arm-none-eabi/12.2.1/thumb/v7e-m/nofp\libg.a(libc_a-mallocr.o)
                0x20000b7c                __malloc_current_mallinfo
 .bss.__malloc_max_total_mem
                0x20000ba4        0x4 c:/dev/arm-gnu-toolchain-12.2.rel1_abort/bin/../lib/gcc/arm-none-eabi/12.2.1/thumb/v7e-m/nofp\libg.a(libc_a-mallocr.o)
                0x20000ba4                __malloc_max_total_mem
 .bss.__malloc_max_sbrked_mem
                0x20000ba8        0x4 c:/dev/arm-gnu-toolchain-12.2.rel1_abort/bin/../lib/gcc/arm-none-eabi/12.2.1/thumb/v7e-m/nofp\libg.a(libc_a-mallocr.o)
                0x20000ba8                __malloc_max_sbrked_mem
 .bss.__malloc_top_pad
                0x20000bac        0x4 c:/dev/arm-gnu-toolchain-12.2.rel1_abort/bin/../lib/gcc/arm-none-eabi/12.2.1/thumb/v7e-m/nofp\libg.a(libc_a-mallocr.o)
                0x20000bac                __malloc_top_pad
 .bss.__sf      0x20000bb0      0x138 c:/dev/arm-gnu-toolchain-12.2.rel1_abort/bin/../lib/gcc/arm-none-eabi/12.2.1/thumb/v7e-m/nofp\libg.a(libc_a-findfp.o)
                0x20000bb0                __sf
 .bss.errno     0x20000ce8        0x4 c:/dev/arm-gnu-toolchain-12.2.rel1_abort/bin/../lib/gcc/arm-none-eabi/12.2.1/thumb/v7e-m/nofp\libg.a(libc_a-reent.o)
                0x20000ce8                errno
 .bss.__lock___malloc_recursive_mutex
                0x20000cec        0x1 c:/dev/arm-gnu-toolchain-12.2.rel1_abort/bin/../lib/gcc/arm-none-eabi/12.2.1/thumb/v7e-m/nofp\libg.a(libc_a-lock.o)
                0x20000cec                __lock___malloc_recursive_mutex
 *fill*         0x20000ced        0x3 
 .bss.__lock___atexit_recursive_mutex
                0x20000cf0        0x1 c:/dev/arm-gnu-toolchain-12.2.rel1_abort/bin/../lib/gcc/arm-none-eabi/12.2.1/thumb/v7e-m/nofp\libg.a(libc_a-lock.o)
                0x20000cf0                __lock___atexit_recursive_mutex
 *fill*         0x20000cf1        0x3 
 .bss.__atexit  0x20000cf4        0x4 c:/dev/arm-gnu-toolchain-12.2.rel1_abort/bin/../lib/gcc/arm-none-eabi/12.2.1/thumb/v7e-m/nofp\libg.a(libc_a-__call_atexit.o)
                0x20000cf4                __atexit
 .bss.__atexit0
                0x20000cf8      0x190 c:/dev/arm-gnu-toolchain-12.2.rel1_abort/bin/../lib/gcc/arm-none-eabi/12.2.1/thumb/v7e-m/nofp\libg.a(libc_a-__atexit.o)
                0x20000cf8                __atexit0
 *(COMMON)
                0x20000e88                . = ALIGN (0x4)
                0x20000e88                _ebss = .
                0x20000e88                __bss_end__ = _ebss

._user_heap_stack
                0x20000e88      0x600 load address 0x08006068
                0x20000e88                . = ALIGN (0x8)
                [!provide]                PROVIDE (end = .)
                0x20000e88                PROVIDE (_end = .)
                0x20001088                . = (. + _Min_Heap_Size)
 *fill*         0x20000e88      0x200 
                0x20001488                . = (. + _Min_Stack_Size)
 *fill*         0x20001088      0x400 
                0x20001488                . = ALIGN (0x8)

/DISCARD/
 libc.a(*)
 libm.a(*)
 libgcc.a(*)

.ARM.attributes
                0x00000000       0x2a
 *(.ARM.attributes)
 .ARM.attributes
                0x00000000       0x1e c:/dev/arm-gnu-toolchain-12.2.rel1_abort/bin/../lib/gcc/arm-none-eabi/12.2.1/thumb/v7e-m/nofp/crti.o
 .ARM.attributes
                0x0000001e       0x2e c:/dev/arm-gnu-toolchain-12.2.rel1_abort/bin/../lib/gcc/arm-none-eabi/12.2.1/thumb/v7e-m/nofp/crtbegin.o
 .ARM.attributes
                0x0000004c       0x2e CMakeFiles/RA99+LED_STM32CBU6_PINconfigure.elf.dir/Core/Src/dma.c.obj
 .ARM.attributes
                0x0000007a       0x2e CMakeFiles/RA99+LED_STM32CBU6_PINconfigure.elf.dir/Core/Src/fdcan.c.obj
 .ARM.attributes
                0x000000a8       0x2e CMakeFiles/RA99+LED_STM32CBU6_PINconfigure.elf.dir/Core/Src/gpio.c.obj
 .ARM.attributes
                0x000000d6       0x2e CMakeFiles/RA99+LED_STM32CBU6_PINconfigure.elf.dir/Core/Src/i2c.c.obj
 .ARM.attributes
                0x00000104       0x2e CMakeFiles/RA99+LED_STM32CBU6_PINconfigure.elf.dir/Core/Src/main.c.obj
 .ARM.attributes
                0x00000132       0x2e CMakeFiles/RA99+LED_STM32CBU6_PINconfigure.elf.dir/Core/Src/stm32g4xx_hal_msp.c.obj
 .ARM.attributes
                0x00000160       0x2e CMakeFiles/RA99+LED_STM32CBU6_PINconfigure.elf.dir/Core/Src/stm32g4xx_it.c.obj
 .ARM.attributes
                0x0000018e       0x2e CMakeFiles/RA99+LED_STM32CBU6_PINconfigure.elf.dir/Core/Src/sysmem.c.obj
 .ARM.attributes
                0x000001bc       0x2e CMakeFiles/RA99+LED_STM32CBU6_PINconfigure.elf.dir/Core/Src/system_stm32g4xx.c.obj
 .ARM.attributes
                0x000001ea       0x2e CMakeFiles/RA99+LED_STM32CBU6_PINconfigure.elf.dir/Core/Src/tim.c.obj
 .ARM.attributes
                0x00000218       0x2e CMakeFiles/RA99+LED_STM32CBU6_PINconfigure.elf.dir/Core/Src/usart.c.obj
 .ARM.attributes
                0x00000246       0x21 CMakeFiles/RA99+LED_STM32CBU6_PINconfigure.elf.dir/Core/Startup/startup_stm32g431cbux.s.obj
 .ARM.attributes
                0x00000267       0x2e CMakeFiles/RA99+LED_STM32CBU6_PINconfigure.elf.dir/Drivers/STM32G4xx_HAL_Driver/Src/stm32g4xx_hal.c.obj
 .ARM.attributes
                0x00000295       0x2e CMakeFiles/RA99+LED_STM32CBU6_PINconfigure.elf.dir/Drivers/STM32G4xx_HAL_Driver/Src/stm32g4xx_hal_cortex.c.obj
 .ARM.attributes
                0x000002c3       0x2e CMakeFiles/RA99+LED_STM32CBU6_PINconfigure.elf.dir/Drivers/STM32G4xx_HAL_Driver/Src/stm32g4xx_hal_dma.c.obj
 .ARM.attributes
                0x000002f1       0x2e CMakeFiles/RA99+LED_STM32CBU6_PINconfigure.elf.dir/Drivers/STM32G4xx_HAL_Driver/Src/stm32g4xx_hal_fdcan.c.obj
 .ARM.attributes
                0x0000031f       0x2e CMakeFiles/RA99+LED_STM32CBU6_PINconfigure.elf.dir/Drivers/STM32G4xx_HAL_Driver/Src/stm32g4xx_hal_gpio.c.obj
 .ARM.attributes
                0x0000034d       0x2e CMakeFiles/RA99+LED_STM32CBU6_PINconfigure.elf.dir/Drivers/STM32G4xx_HAL_Driver/Src/stm32g4xx_hal_i2c.c.obj
 .ARM.attributes
                0x0000037b       0x2e CMakeFiles/RA99+LED_STM32CBU6_PINconfigure.elf.dir/Drivers/STM32G4xx_HAL_Driver/Src/stm32g4xx_hal_i2c_ex.c.obj
 .ARM.attributes
                0x000003a9       0x2e CMakeFiles/RA99+LED_STM32CBU6_PINconfigure.elf.dir/Drivers/STM32G4xx_HAL_Driver/Src/stm32g4xx_hal_pwr_ex.c.obj
 .ARM.attributes
                0x000003d7       0x2e CMakeFiles/RA99+LED_STM32CBU6_PINconfigure.elf.dir/Drivers/STM32G4xx_HAL_Driver/Src/stm32g4xx_hal_rcc.c.obj
 .ARM.attributes
                0x00000405       0x2e CMakeFiles/RA99+LED_STM32CBU6_PINconfigure.elf.dir/Drivers/STM32G4xx_HAL_Driver/Src/stm32g4xx_hal_rcc_ex.c.obj
 .ARM.attributes
                0x00000433       0x2e CMakeFiles/RA99+LED_STM32CBU6_PINconfigure.elf.dir/Drivers/STM32G4xx_HAL_Driver/Src/stm32g4xx_hal_tim.c.obj
 .ARM.attributes
                0x00000461       0x2e CMakeFiles/RA99+LED_STM32CBU6_PINconfigure.elf.dir/Drivers/STM32G4xx_HAL_Driver/Src/stm32g4xx_hal_tim_ex.c.obj
 .ARM.attributes
                0x0000048f       0x2e CMakeFiles/RA99+LED_STM32CBU6_PINconfigure.elf.dir/Drivers/STM32G4xx_HAL_Driver/Src/stm32g4xx_hal_uart.c.obj
 .ARM.attributes
                0x000004bd       0x2e CMakeFiles/RA99+LED_STM32CBU6_PINconfigure.elf.dir/Drivers/STM32G4xx_HAL_Driver/Src/stm32g4xx_hal_uart_ex.c.obj
 .ARM.attributes
                0x000004eb       0x2e CMakeFiles/RA99+LED_STM32CBU6_PINconfigure.elf.dir/cafuu_code/Src/argb_platform.c.obj
 .ARM.attributes
                0x00000519       0x2e CMakeFiles/RA99+LED_STM32CBU6_PINconfigure.elf.dir/own_function/Src/Unipolar_zeroing_code_communication.c.obj
 .ARM.attributes
                0x00000547       0x2e CMakeFiles/RA99+LED_STM32CBU6_PINconfigure.elf.dir/own_function/Src/argb_tx.c.obj
 .ARM.attributes
                0x00000575       0x1e c:/dev/arm-gnu-toolchain-12.2.rel1_abort/bin/../lib/gcc/arm-none-eabi/12.2.1/thumb/v7e-m/nofp\libgcc.a(_arm_addsubdf3.o)
 .ARM.attributes
                0x00000593       0x1e c:/dev/arm-gnu-toolchain-12.2.rel1_abort/bin/../lib/gcc/arm-none-eabi/12.2.1/thumb/v7e-m/nofp\libgcc.a(_arm_muldivdf3.o)
 .ARM.attributes
                0x000005b1       0x1e c:/dev/arm-gnu-toolchain-12.2.rel1_abort/bin/../lib/gcc/arm-none-eabi/12.2.1/thumb/v7e-m/nofp\libgcc.a(_arm_cmpdf2.o)
 .ARM.attributes
                0x000005cf       0x1e c:/dev/arm-gnu-toolchain-12.2.rel1_abort/bin/../lib/gcc/arm-none-eabi/12.2.1/thumb/v7e-m/nofp\libgcc.a(_arm_fixunsdfsi.o)
 .ARM.attributes
                0x000005ed       0x1e c:/dev/arm-gnu-toolchain-12.2.rel1_abort/bin/../lib/gcc/arm-none-eabi/12.2.1/thumb/v7e-m/nofp\libgcc.a(_aeabi_uldivmod.o)
 .ARM.attributes
                0x0000060b       0x2e c:/dev/arm-gnu-toolchain-12.2.rel1_abort/bin/../lib/gcc/arm-none-eabi/12.2.1/thumb/v7e-m/nofp\libgcc.a(_udivmoddi4.o)
 .ARM.attributes
                0x00000639       0x1e c:/dev/arm-gnu-toolchain-12.2.rel1_abort/bin/../lib/gcc/arm-none-eabi/12.2.1/thumb/v7e-m/nofp\libgcc.a(_dvmd_tls.o)
 .ARM.attributes
                0x00000657       0x2e c:/dev/arm-gnu-toolchain-12.2.rel1_abort/bin/../lib/gcc/arm-none-eabi/12.2.1/thumb/v7e-m/nofp\libg.a(libc_a-malloc.o)
 .ARM.attributes
                0x00000685       0x2e c:/dev/arm-gnu-toolchain-12.2.rel1_abort/bin/../lib/gcc/arm-none-eabi/12.2.1/thumb/v7e-m/nofp\libg.a(libc_a-mallocr.o)
 .ARM.attributes
                0x000006b3       0x2e c:/dev/arm-gnu-toolchain-12.2.rel1_abort/bin/../lib/gcc/arm-none-eabi/12.2.1/thumb/v7e-m/nofp\libg.a(libc_a-mlock.o)
 .ARM.attributes
                0x000006e1       0x2e c:/dev/arm-gnu-toolchain-12.2.rel1_abort/bin/../lib/gcc/arm-none-eabi/12.2.1/thumb/v7e-m/nofp\libg.a(libc_a-findfp.o)
 .ARM.attributes
                0x0000070f       0x2e c:/dev/arm-gnu-toolchain-12.2.rel1_abort/bin/../lib/gcc/arm-none-eabi/12.2.1/thumb/v7e-m/nofp\libg.a(libc_a-memset.o)
 .ARM.attributes
                0x0000073d       0x2e c:/dev/arm-gnu-toolchain-12.2.rel1_abort/bin/../lib/gcc/arm-none-eabi/12.2.1/thumb/v7e-m/nofp\libg.a(libc_a-reent.o)
 .ARM.attributes
                0x0000076b       0x2e c:/dev/arm-gnu-toolchain-12.2.rel1_abort/bin/../lib/gcc/arm-none-eabi/12.2.1/thumb/v7e-m/nofp\libg.a(libc_a-impure.o)
 .ARM.attributes
                0x00000799       0x2e c:/dev/arm-gnu-toolchain-12.2.rel1_abort/bin/../lib/gcc/arm-none-eabi/12.2.1/thumb/v7e-m/nofp\libg.a(libc_a-sbrkr.o)
 .ARM.attributes
                0x000007c7       0x2e c:/dev/arm-gnu-toolchain-12.2.rel1_abort/bin/../lib/gcc/arm-none-eabi/12.2.1/thumb/v7e-m/nofp\libg.a(libc_a-errno.o)
 .ARM.attributes
                0x000007f5       0x2e c:/dev/arm-gnu-toolchain-12.2.rel1_abort/bin/../lib/gcc/arm-none-eabi/12.2.1/thumb/v7e-m/nofp\libg.a(libc_a-init.o)
 .ARM.attributes
                0x00000823       0x2e c:/dev/arm-gnu-toolchain-12.2.rel1_abort/bin/../lib/gcc/arm-none-eabi/12.2.1/thumb/v7e-m/nofp\libg.a(libc_a-lock.o)
 .ARM.attributes
                0x00000851       0x2e c:/dev/arm-gnu-toolchain-12.2.rel1_abort/bin/../lib/gcc/arm-none-eabi/12.2.1/thumb/v7e-m/nofp\libg.a(libc_a-sysconf.o)
 .ARM.attributes
                0x0000087f       0x2e c:/dev/arm-gnu-toolchain-12.2.rel1_abort/bin/../lib/gcc/arm-none-eabi/12.2.1/thumb/v7e-m/nofp\libg.a(libc_a-__call_atexit.o)
 .ARM.attributes
                0x000008ad       0x2e c:/dev/arm-gnu-toolchain-12.2.rel1_abort/bin/../lib/gcc/arm-none-eabi/12.2.1/thumb/v7e-m/nofp\libg.a(libc_a-atexit.o)
 .ARM.attributes
                0x000008db       0x2e c:/dev/arm-gnu-toolchain-12.2.rel1_abort/bin/../lib/gcc/arm-none-eabi/12.2.1/thumb/v7e-m/nofp\libg.a(libc_a-freer.o)
 .ARM.attributes
                0x00000909       0x2e c:/dev/arm-gnu-toolchain-12.2.rel1_abort/bin/../lib/gcc/arm-none-eabi/12.2.1/thumb/v7e-m/nofp\libg.a(libc_a-fini.o)
 .ARM.attributes
                0x00000937       0x2e c:/dev/arm-gnu-toolchain-12.2.rel1_abort/bin/../lib/gcc/arm-none-eabi/12.2.1/thumb/v7e-m/nofp\libg.a(libc_a-__atexit.o)
 .ARM.attributes
                0x00000965       0x2e c:/dev/arm-gnu-toolchain-12.2.rel1_abort/bin/../lib/gcc/arm-none-eabi/12.2.1/thumb/v7e-m/nofp/crtend.o
 .ARM.attributes
                0x00000993       0x1e c:/dev/arm-gnu-toolchain-12.2.rel1_abort/bin/../lib/gcc/arm-none-eabi/12.2.1/thumb/v7e-m/nofp/crtn.o
OUTPUT(RA99+LED_STM32CBU6_PINconfigure.elf elf32-littlearm)
LOAD linker stubs
LOAD c:/dev/arm-gnu-toolchain-12.2.rel1_abort/bin/../lib/gcc/arm-none-eabi/12.2.1/thumb/v7e-m/nofp\libc.a
LOAD c:/dev/arm-gnu-toolchain-12.2.rel1_abort/bin/../lib/gcc/arm-none-eabi/12.2.1/thumb/v7e-m/nofp\libm.a
LOAD c:/dev/arm-gnu-toolchain-12.2.rel1_abort/bin/../lib/gcc/arm-none-eabi/12.2.1/thumb/v7e-m/nofp\libgcc.a

.debug_info     0x00000000    0x22b4e
 .debug_info    0x00000000      0x5ae CMakeFiles/RA99+LED_STM32CBU6_PINconfigure.elf.dir/Core/Src/dma.c.obj
 .debug_info    0x000005ae      0xbc3 CMakeFiles/RA99+LED_STM32CBU6_PINconfigure.elf.dir/Core/Src/fdcan.c.obj
 .debug_info    0x00001171      0x50b CMakeFiles/RA99+LED_STM32CBU6_PINconfigure.elf.dir/Core/Src/gpio.c.obj
 .debug_info    0x0000167c      0xd7d CMakeFiles/RA99+LED_STM32CBU6_PINconfigure.elf.dir/Core/Src/i2c.c.obj
 .debug_info    0x000023f9      0xf57 CMakeFiles/RA99+LED_STM32CBU6_PINconfigure.elf.dir/Core/Src/main.c.obj
 .debug_info    0x00003350      0x2e3 CMakeFiles/RA99+LED_STM32CBU6_PINconfigure.elf.dir/Core/Src/stm32g4xx_hal_msp.c.obj
 .debug_info    0x00003633      0x9e5 CMakeFiles/RA99+LED_STM32CBU6_PINconfigure.elf.dir/Core/Src/stm32g4xx_it.c.obj
 .debug_info    0x00004018      0x171 CMakeFiles/RA99+LED_STM32CBU6_PINconfigure.elf.dir/Core/Src/sysmem.c.obj
 .debug_info    0x00004189      0x39c CMakeFiles/RA99+LED_STM32CBU6_PINconfigure.elf.dir/Core/Src/system_stm32g4xx.c.obj
 .debug_info    0x00004525     0x1af1 CMakeFiles/RA99+LED_STM32CBU6_PINconfigure.elf.dir/Core/Src/tim.c.obj
 .debug_info    0x00006016     0x1111 CMakeFiles/RA99+LED_STM32CBU6_PINconfigure.elf.dir/Core/Src/usart.c.obj
 .debug_info    0x00007127       0x2e CMakeFiles/RA99+LED_STM32CBU6_PINconfigure.elf.dir/Core/Startup/startup_stm32g431cbux.s.obj
 .debug_info    0x00007155      0xb94 CMakeFiles/RA99+LED_STM32CBU6_PINconfigure.elf.dir/Drivers/STM32G4xx_HAL_Driver/Src/stm32g4xx_hal.c.obj
 .debug_info    0x00007ce9      0xf6e CMakeFiles/RA99+LED_STM32CBU6_PINconfigure.elf.dir/Drivers/STM32G4xx_HAL_Driver/Src/stm32g4xx_hal_cortex.c.obj
 .debug_info    0x00008c57      0x9c8 CMakeFiles/RA99+LED_STM32CBU6_PINconfigure.elf.dir/Drivers/STM32G4xx_HAL_Driver/Src/stm32g4xx_hal_dma.c.obj
 .debug_info    0x0000961f     0x1c19 CMakeFiles/RA99+LED_STM32CBU6_PINconfigure.elf.dir/Drivers/STM32G4xx_HAL_Driver/Src/stm32g4xx_hal_fdcan.c.obj
 .debug_info    0x0000b238      0x795 CMakeFiles/RA99+LED_STM32CBU6_PINconfigure.elf.dir/Drivers/STM32G4xx_HAL_Driver/Src/stm32g4xx_hal_gpio.c.obj
 .debug_info    0x0000b9cd     0x43b9 CMakeFiles/RA99+LED_STM32CBU6_PINconfigure.elf.dir/Drivers/STM32G4xx_HAL_Driver/Src/stm32g4xx_hal_i2c.c.obj
 .debug_info    0x0000fd86      0xaf3 CMakeFiles/RA99+LED_STM32CBU6_PINconfigure.elf.dir/Drivers/STM32G4xx_HAL_Driver/Src/stm32g4xx_hal_i2c_ex.c.obj
 .debug_info    0x00010879      0x9bd CMakeFiles/RA99+LED_STM32CBU6_PINconfigure.elf.dir/Drivers/STM32G4xx_HAL_Driver/Src/stm32g4xx_hal_pwr_ex.c.obj
 .debug_info    0x00011236      0xddb CMakeFiles/RA99+LED_STM32CBU6_PINconfigure.elf.dir/Drivers/STM32G4xx_HAL_Driver/Src/stm32g4xx_hal_rcc.c.obj
 .debug_info    0x00012011      0xdf4 CMakeFiles/RA99+LED_STM32CBU6_PINconfigure.elf.dir/Drivers/STM32G4xx_HAL_Driver/Src/stm32g4xx_hal_rcc_ex.c.obj
 .debug_info    0x00012e05     0x3ebd CMakeFiles/RA99+LED_STM32CBU6_PINconfigure.elf.dir/Drivers/STM32G4xx_HAL_Driver/Src/stm32g4xx_hal_tim.c.obj
 .debug_info    0x00016cc2     0x24bf CMakeFiles/RA99+LED_STM32CBU6_PINconfigure.elf.dir/Drivers/STM32G4xx_HAL_Driver/Src/stm32g4xx_hal_tim_ex.c.obj
 .debug_info    0x00019181     0x61d0 CMakeFiles/RA99+LED_STM32CBU6_PINconfigure.elf.dir/Drivers/STM32G4xx_HAL_Driver/Src/stm32g4xx_hal_uart.c.obj
 .debug_info    0x0001f351     0x1243 CMakeFiles/RA99+LED_STM32CBU6_PINconfigure.elf.dir/Drivers/STM32G4xx_HAL_Driver/Src/stm32g4xx_hal_uart_ex.c.obj
 .debug_info    0x00020594      0xb0f CMakeFiles/RA99+LED_STM32CBU6_PINconfigure.elf.dir/cafuu_code/Src/argb_platform.c.obj
 .debug_info    0x000210a3      0xdaa CMakeFiles/RA99+LED_STM32CBU6_PINconfigure.elf.dir/own_function/Src/Unipolar_zeroing_code_communication.c.obj
 .debug_info    0x00021e4d      0xd01 CMakeFiles/RA99+LED_STM32CBU6_PINconfigure.elf.dir/own_function/Src/argb_tx.c.obj

.debug_abbrev   0x00000000     0x3d95
 .debug_abbrev  0x00000000      0x11b CMakeFiles/RA99+LED_STM32CBU6_PINconfigure.elf.dir/Core/Src/dma.c.obj
 .debug_abbrev  0x0000011b      0x1e2 CMakeFiles/RA99+LED_STM32CBU6_PINconfigure.elf.dir/Core/Src/fdcan.c.obj
 .debug_abbrev  0x000002fd      0x164 CMakeFiles/RA99+LED_STM32CBU6_PINconfigure.elf.dir/Core/Src/gpio.c.obj
 .debug_abbrev  0x00000461      0x229 CMakeFiles/RA99+LED_STM32CBU6_PINconfigure.elf.dir/Core/Src/i2c.c.obj
 .debug_abbrev  0x0000068a      0x2ad CMakeFiles/RA99+LED_STM32CBU6_PINconfigure.elf.dir/Core/Src/main.c.obj
 .debug_abbrev  0x00000937       0xd7 CMakeFiles/RA99+LED_STM32CBU6_PINconfigure.elf.dir/Core/Src/stm32g4xx_hal_msp.c.obj
 .debug_abbrev  0x00000a0e      0x1fe CMakeFiles/RA99+LED_STM32CBU6_PINconfigure.elf.dir/Core/Src/stm32g4xx_it.c.obj
 .debug_abbrev  0x00000c0c       0xea CMakeFiles/RA99+LED_STM32CBU6_PINconfigure.elf.dir/Core/Src/sysmem.c.obj
 .debug_abbrev  0x00000cf6      0x120 CMakeFiles/RA99+LED_STM32CBU6_PINconfigure.elf.dir/Core/Src/system_stm32g4xx.c.obj
 .debug_abbrev  0x00000e16      0x29e CMakeFiles/RA99+LED_STM32CBU6_PINconfigure.elf.dir/Core/Src/tim.c.obj
 .debug_abbrev  0x000010b4      0x255 CMakeFiles/RA99+LED_STM32CBU6_PINconfigure.elf.dir/Core/Src/usart.c.obj
 .debug_abbrev  0x00001309       0x1d CMakeFiles/RA99+LED_STM32CBU6_PINconfigure.elf.dir/Core/Startup/startup_stm32g431cbux.s.obj
 .debug_abbrev  0x00001326      0x27d CMakeFiles/RA99+LED_STM32CBU6_PINconfigure.elf.dir/Drivers/STM32G4xx_HAL_Driver/Src/stm32g4xx_hal.c.obj
 .debug_abbrev  0x000015a3      0x390 CMakeFiles/RA99+LED_STM32CBU6_PINconfigure.elf.dir/Drivers/STM32G4xx_HAL_Driver/Src/stm32g4xx_hal_cortex.c.obj
 .debug_abbrev  0x00001933      0x215 CMakeFiles/RA99+LED_STM32CBU6_PINconfigure.elf.dir/Drivers/STM32G4xx_HAL_Driver/Src/stm32g4xx_hal_dma.c.obj
 .debug_abbrev  0x00001b48      0x1f9 CMakeFiles/RA99+LED_STM32CBU6_PINconfigure.elf.dir/Drivers/STM32G4xx_HAL_Driver/Src/stm32g4xx_hal_fdcan.c.obj
 .debug_abbrev  0x00001d41      0x1f9 CMakeFiles/RA99+LED_STM32CBU6_PINconfigure.elf.dir/Drivers/STM32G4xx_HAL_Driver/Src/stm32g4xx_hal_gpio.c.obj
 .debug_abbrev  0x00001f3a      0x297 CMakeFiles/RA99+LED_STM32CBU6_PINconfigure.elf.dir/Drivers/STM32G4xx_HAL_Driver/Src/stm32g4xx_hal_i2c.c.obj
 .debug_abbrev  0x000021d1      0x1c4 CMakeFiles/RA99+LED_STM32CBU6_PINconfigure.elf.dir/Drivers/STM32G4xx_HAL_Driver/Src/stm32g4xx_hal_i2c_ex.c.obj
 .debug_abbrev  0x00002395      0x249 CMakeFiles/RA99+LED_STM32CBU6_PINconfigure.elf.dir/Drivers/STM32G4xx_HAL_Driver/Src/stm32g4xx_hal_pwr_ex.c.obj
 .debug_abbrev  0x000025de      0x2ab CMakeFiles/RA99+LED_STM32CBU6_PINconfigure.elf.dir/Drivers/STM32G4xx_HAL_Driver/Src/stm32g4xx_hal_rcc.c.obj
 .debug_abbrev  0x00002889      0x27f CMakeFiles/RA99+LED_STM32CBU6_PINconfigure.elf.dir/Drivers/STM32G4xx_HAL_Driver/Src/stm32g4xx_hal_rcc_ex.c.obj
 .debug_abbrev  0x00002b08      0x2a0 CMakeFiles/RA99+LED_STM32CBU6_PINconfigure.elf.dir/Drivers/STM32G4xx_HAL_Driver/Src/stm32g4xx_hal_tim.c.obj
 .debug_abbrev  0x00002da8      0x2b1 CMakeFiles/RA99+LED_STM32CBU6_PINconfigure.elf.dir/Drivers/STM32G4xx_HAL_Driver/Src/stm32g4xx_hal_tim_ex.c.obj
 .debug_abbrev  0x00003059      0x32e CMakeFiles/RA99+LED_STM32CBU6_PINconfigure.elf.dir/Drivers/STM32G4xx_HAL_Driver/Src/stm32g4xx_hal_uart.c.obj
 .debug_abbrev  0x00003387      0x343 CMakeFiles/RA99+LED_STM32CBU6_PINconfigure.elf.dir/Drivers/STM32G4xx_HAL_Driver/Src/stm32g4xx_hal_uart_ex.c.obj
 .debug_abbrev  0x000036ca      0x258 CMakeFiles/RA99+LED_STM32CBU6_PINconfigure.elf.dir/cafuu_code/Src/argb_platform.c.obj
 .debug_abbrev  0x00003922      0x25c CMakeFiles/RA99+LED_STM32CBU6_PINconfigure.elf.dir/own_function/Src/Unipolar_zeroing_code_communication.c.obj
 .debug_abbrev  0x00003b7e      0x217 CMakeFiles/RA99+LED_STM32CBU6_PINconfigure.elf.dir/own_function/Src/argb_tx.c.obj

.debug_aranges  0x00000000     0x1748
 .debug_aranges
                0x00000000       0x20 CMakeFiles/RA99+LED_STM32CBU6_PINconfigure.elf.dir/Core/Src/dma.c.obj
 .debug_aranges
                0x00000020       0x30 CMakeFiles/RA99+LED_STM32CBU6_PINconfigure.elf.dir/Core/Src/fdcan.c.obj
 .debug_aranges
                0x00000050       0x20 CMakeFiles/RA99+LED_STM32CBU6_PINconfigure.elf.dir/Core/Src/gpio.c.obj
 .debug_aranges
                0x00000070       0x30 CMakeFiles/RA99+LED_STM32CBU6_PINconfigure.elf.dir/Core/Src/i2c.c.obj
 .debug_aranges
                0x000000a0       0x30 CMakeFiles/RA99+LED_STM32CBU6_PINconfigure.elf.dir/Core/Src/main.c.obj
 .debug_aranges
                0x000000d0       0x20 CMakeFiles/RA99+LED_STM32CBU6_PINconfigure.elf.dir/Core/Src/stm32g4xx_hal_msp.c.obj
 .debug_aranges
                0x000000f0       0xa0 CMakeFiles/RA99+LED_STM32CBU6_PINconfigure.elf.dir/Core/Src/stm32g4xx_it.c.obj
 .debug_aranges
                0x00000190       0x20 CMakeFiles/RA99+LED_STM32CBU6_PINconfigure.elf.dir/Core/Src/sysmem.c.obj
 .debug_aranges
                0x000001b0       0x28 CMakeFiles/RA99+LED_STM32CBU6_PINconfigure.elf.dir/Core/Src/system_stm32g4xx.c.obj
 .debug_aranges
                0x000001d8       0x78 CMakeFiles/RA99+LED_STM32CBU6_PINconfigure.elf.dir/Core/Src/tim.c.obj
 .debug_aranges
                0x00000250       0x40 CMakeFiles/RA99+LED_STM32CBU6_PINconfigure.elf.dir/Core/Src/usart.c.obj
 .debug_aranges
                0x00000290       0x28 CMakeFiles/RA99+LED_STM32CBU6_PINconfigure.elf.dir/Core/Startup/startup_stm32g431cbux.s.obj
 .debug_aranges
                0x000002b8      0x148 CMakeFiles/RA99+LED_STM32CBU6_PINconfigure.elf.dir/Drivers/STM32G4xx_HAL_Driver/Src/stm32g4xx_hal.c.obj
 .debug_aranges
                0x00000400       0xf0 CMakeFiles/RA99+LED_STM32CBU6_PINconfigure.elf.dir/Drivers/STM32G4xx_HAL_Driver/Src/stm32g4xx_hal_cortex.c.obj
 .debug_aranges
                0x000004f0       0x90 CMakeFiles/RA99+LED_STM32CBU6_PINconfigure.elf.dir/Drivers/STM32G4xx_HAL_Driver/Src/stm32g4xx_hal_dma.c.obj
 .debug_aranges
                0x00000580      0x208 CMakeFiles/RA99+LED_STM32CBU6_PINconfigure.elf.dir/Drivers/STM32G4xx_HAL_Driver/Src/stm32g4xx_hal_fdcan.c.obj
 .debug_aranges
                0x00000788       0x58 CMakeFiles/RA99+LED_STM32CBU6_PINconfigure.elf.dir/Drivers/STM32G4xx_HAL_Driver/Src/stm32g4xx_hal_gpio.c.obj
 .debug_aranges
                0x000007e0      0x2a0 CMakeFiles/RA99+LED_STM32CBU6_PINconfigure.elf.dir/Drivers/STM32G4xx_HAL_Driver/Src/stm32g4xx_hal_i2c.c.obj
 .debug_aranges
                0x00000a80       0x48 CMakeFiles/RA99+LED_STM32CBU6_PINconfigure.elf.dir/Drivers/STM32G4xx_HAL_Driver/Src/stm32g4xx_hal_i2c_ex.c.obj
 .debug_aranges
                0x00000ac8      0x140 CMakeFiles/RA99+LED_STM32CBU6_PINconfigure.elf.dir/Drivers/STM32G4xx_HAL_Driver/Src/stm32g4xx_hal_pwr_ex.c.obj
 .debug_aranges
                0x00000c08       0x98 CMakeFiles/RA99+LED_STM32CBU6_PINconfigure.elf.dir/Drivers/STM32G4xx_HAL_Driver/Src/stm32g4xx_hal_rcc.c.obj
 .debug_aranges
                0x00000ca0       0xb0 CMakeFiles/RA99+LED_STM32CBU6_PINconfigure.elf.dir/Drivers/STM32G4xx_HAL_Driver/Src/stm32g4xx_hal_rcc_ex.c.obj
 .debug_aranges
                0x00000d50      0x3e0 CMakeFiles/RA99+LED_STM32CBU6_PINconfigure.elf.dir/Drivers/STM32G4xx_HAL_Driver/Src/stm32g4xx_hal_tim.c.obj
 .debug_aranges
                0x00001130      0x240 CMakeFiles/RA99+LED_STM32CBU6_PINconfigure.elf.dir/Drivers/STM32G4xx_HAL_Driver/Src/stm32g4xx_hal_tim_ex.c.obj
 .debug_aranges
                0x00001370      0x248 CMakeFiles/RA99+LED_STM32CBU6_PINconfigure.elf.dir/Drivers/STM32G4xx_HAL_Driver/Src/stm32g4xx_hal_uart.c.obj
 .debug_aranges
                0x000015b8       0xa8 CMakeFiles/RA99+LED_STM32CBU6_PINconfigure.elf.dir/Drivers/STM32G4xx_HAL_Driver/Src/stm32g4xx_hal_uart_ex.c.obj
 .debug_aranges
                0x00001660       0x38 CMakeFiles/RA99+LED_STM32CBU6_PINconfigure.elf.dir/cafuu_code/Src/argb_platform.c.obj
 .debug_aranges
                0x00001698       0x60 CMakeFiles/RA99+LED_STM32CBU6_PINconfigure.elf.dir/own_function/Src/Unipolar_zeroing_code_communication.c.obj
 .debug_aranges
                0x000016f8       0x50 CMakeFiles/RA99+LED_STM32CBU6_PINconfigure.elf.dir/own_function/Src/argb_tx.c.obj

.debug_rnglists
                0x00000000     0x11d9
 .debug_rnglists
                0x00000000       0x13 CMakeFiles/RA99+LED_STM32CBU6_PINconfigure.elf.dir/Core/Src/dma.c.obj
 .debug_rnglists
                0x00000013       0x20 CMakeFiles/RA99+LED_STM32CBU6_PINconfigure.elf.dir/Core/Src/fdcan.c.obj
 .debug_rnglists
                0x00000033       0x14 CMakeFiles/RA99+LED_STM32CBU6_PINconfigure.elf.dir/Core/Src/gpio.c.obj
 .debug_rnglists
                0x00000047       0x20 CMakeFiles/RA99+LED_STM32CBU6_PINconfigure.elf.dir/Core/Src/i2c.c.obj
 .debug_rnglists
                0x00000067       0x20 CMakeFiles/RA99+LED_STM32CBU6_PINconfigure.elf.dir/Core/Src/main.c.obj
 .debug_rnglists
                0x00000087       0x13 CMakeFiles/RA99+LED_STM32CBU6_PINconfigure.elf.dir/Core/Src/stm32g4xx_hal_msp.c.obj
 .debug_rnglists
                0x0000009a       0x73 CMakeFiles/RA99+LED_STM32CBU6_PINconfigure.elf.dir/Core/Src/stm32g4xx_it.c.obj
 .debug_rnglists
                0x0000010d       0x13 CMakeFiles/RA99+LED_STM32CBU6_PINconfigure.elf.dir/Core/Src/sysmem.c.obj
 .debug_rnglists
                0x00000120       0x1a CMakeFiles/RA99+LED_STM32CBU6_PINconfigure.elf.dir/Core/Src/system_stm32g4xx.c.obj
 .debug_rnglists
                0x0000013a       0x5d CMakeFiles/RA99+LED_STM32CBU6_PINconfigure.elf.dir/Core/Src/tim.c.obj
 .debug_rnglists
                0x00000197       0x2c CMakeFiles/RA99+LED_STM32CBU6_PINconfigure.elf.dir/Core/Src/usart.c.obj
 .debug_rnglists
                0x000001c3       0x19 CMakeFiles/RA99+LED_STM32CBU6_PINconfigure.elf.dir/Core/Startup/startup_stm32g431cbux.s.obj
 .debug_rnglists
                0x000001dc       0xf1 CMakeFiles/RA99+LED_STM32CBU6_PINconfigure.elf.dir/Drivers/STM32G4xx_HAL_Driver/Src/stm32g4xx_hal.c.obj
 .debug_rnglists
                0x000002cd       0xaf CMakeFiles/RA99+LED_STM32CBU6_PINconfigure.elf.dir/Drivers/STM32G4xx_HAL_Driver/Src/stm32g4xx_hal_cortex.c.obj
 .debug_rnglists
                0x0000037c       0x6c CMakeFiles/RA99+LED_STM32CBU6_PINconfigure.elf.dir/Drivers/STM32G4xx_HAL_Driver/Src/stm32g4xx_hal_dma.c.obj
 .debug_rnglists
                0x000003e8      0x189 CMakeFiles/RA99+LED_STM32CBU6_PINconfigure.elf.dir/Drivers/STM32G4xx_HAL_Driver/Src/stm32g4xx_hal_fdcan.c.obj
 .debug_rnglists
                0x00000571       0x3f CMakeFiles/RA99+LED_STM32CBU6_PINconfigure.elf.dir/Drivers/STM32G4xx_HAL_Driver/Src/stm32g4xx_hal_gpio.c.obj
 .debug_rnglists
                0x000005b0      0x21d CMakeFiles/RA99+LED_STM32CBU6_PINconfigure.elf.dir/Drivers/STM32G4xx_HAL_Driver/Src/stm32g4xx_hal_i2c.c.obj
 .debug_rnglists
                0x000007cd       0x31 CMakeFiles/RA99+LED_STM32CBU6_PINconfigure.elf.dir/Drivers/STM32G4xx_HAL_Driver/Src/stm32g4xx_hal_i2c_ex.c.obj
 .debug_rnglists
                0x000007fe       0xf1 CMakeFiles/RA99+LED_STM32CBU6_PINconfigure.elf.dir/Drivers/STM32G4xx_HAL_Driver/Src/stm32g4xx_hal_pwr_ex.c.obj
 .debug_rnglists
                0x000008ef       0x81 CMakeFiles/RA99+LED_STM32CBU6_PINconfigure.elf.dir/Drivers/STM32G4xx_HAL_Driver/Src/stm32g4xx_hal_rcc.c.obj
 .debug_rnglists
                0x00000970       0x92 CMakeFiles/RA99+LED_STM32CBU6_PINconfigure.elf.dir/Drivers/STM32G4xx_HAL_Driver/Src/stm32g4xx_hal_rcc_ex.c.obj
 .debug_rnglists
                0x00000a02      0x313 CMakeFiles/RA99+LED_STM32CBU6_PINconfigure.elf.dir/Drivers/STM32G4xx_HAL_Driver/Src/stm32g4xx_hal_tim.c.obj
 .debug_rnglists
                0x00000d15      0x1c3 CMakeFiles/RA99+LED_STM32CBU6_PINconfigure.elf.dir/Drivers/STM32G4xx_HAL_Driver/Src/stm32g4xx_hal_tim_ex.c.obj
 .debug_rnglists
                0x00000ed8      0x1cb CMakeFiles/RA99+LED_STM32CBU6_PINconfigure.elf.dir/Drivers/STM32G4xx_HAL_Driver/Src/stm32g4xx_hal_uart.c.obj
 .debug_rnglists
                0x000010a3       0x88 CMakeFiles/RA99+LED_STM32CBU6_PINconfigure.elf.dir/Drivers/STM32G4xx_HAL_Driver/Src/stm32g4xx_hal_uart_ex.c.obj
 .debug_rnglists
                0x0000112b       0x25 CMakeFiles/RA99+LED_STM32CBU6_PINconfigure.elf.dir/cafuu_code/Src/argb_platform.c.obj
 .debug_rnglists
                0x00001150       0x45 CMakeFiles/RA99+LED_STM32CBU6_PINconfigure.elf.dir/own_function/Src/Unipolar_zeroing_code_communication.c.obj
 .debug_rnglists
                0x00001195       0x44 CMakeFiles/RA99+LED_STM32CBU6_PINconfigure.elf.dir/own_function/Src/argb_tx.c.obj

.debug_line     0x00000000    0x1f24a
 .debug_line    0x00000000      0x241 CMakeFiles/RA99+LED_STM32CBU6_PINconfigure.elf.dir/Core/Src/dma.c.obj
 .debug_line    0x00000241      0x45b CMakeFiles/RA99+LED_STM32CBU6_PINconfigure.elf.dir/Core/Src/fdcan.c.obj
 .debug_line    0x0000069c      0x2c1 CMakeFiles/RA99+LED_STM32CBU6_PINconfigure.elf.dir/Core/Src/gpio.c.obj
 .debug_line    0x0000095d      0x43f CMakeFiles/RA99+LED_STM32CBU6_PINconfigure.elf.dir/Core/Src/i2c.c.obj
 .debug_line    0x00000d9c      0x648 CMakeFiles/RA99+LED_STM32CBU6_PINconfigure.elf.dir/Core/Src/main.c.obj
 .debug_line    0x000013e4      0x248 CMakeFiles/RA99+LED_STM32CBU6_PINconfigure.elf.dir/Core/Src/stm32g4xx_hal_msp.c.obj
 .debug_line    0x0000162c      0x48f CMakeFiles/RA99+LED_STM32CBU6_PINconfigure.elf.dir/Core/Src/stm32g4xx_it.c.obj
 .debug_line    0x00001abb      0x1e6 CMakeFiles/RA99+LED_STM32CBU6_PINconfigure.elf.dir/Core/Src/sysmem.c.obj
 .debug_line    0x00001ca1      0x282 CMakeFiles/RA99+LED_STM32CBU6_PINconfigure.elf.dir/Core/Src/system_stm32g4xx.c.obj
 .debug_line    0x00001f23      0xc4e CMakeFiles/RA99+LED_STM32CBU6_PINconfigure.elf.dir/Core/Src/tim.c.obj
 .debug_line    0x00002b71      0x68b CMakeFiles/RA99+LED_STM32CBU6_PINconfigure.elf.dir/Core/Src/usart.c.obj
 .debug_line    0x000031fc       0x7b CMakeFiles/RA99+LED_STM32CBU6_PINconfigure.elf.dir/Core/Startup/startup_stm32g431cbux.s.obj
 .debug_line    0x00003277      0x7bd CMakeFiles/RA99+LED_STM32CBU6_PINconfigure.elf.dir/Drivers/STM32G4xx_HAL_Driver/Src/stm32g4xx_hal.c.obj
 .debug_line    0x00003a34      0x921 CMakeFiles/RA99+LED_STM32CBU6_PINconfigure.elf.dir/Drivers/STM32G4xx_HAL_Driver/Src/stm32g4xx_hal_cortex.c.obj
 .debug_line    0x00004355      0xd0d CMakeFiles/RA99+LED_STM32CBU6_PINconfigure.elf.dir/Drivers/STM32G4xx_HAL_Driver/Src/stm32g4xx_hal_dma.c.obj
 .debug_line    0x00005062     0x1ac4 CMakeFiles/RA99+LED_STM32CBU6_PINconfigure.elf.dir/Drivers/STM32G4xx_HAL_Driver/Src/stm32g4xx_hal_fdcan.c.obj
 .debug_line    0x00006b26      0x748 CMakeFiles/RA99+LED_STM32CBU6_PINconfigure.elf.dir/Drivers/STM32G4xx_HAL_Driver/Src/stm32g4xx_hal_gpio.c.obj
 .debug_line    0x0000726e     0x53bc CMakeFiles/RA99+LED_STM32CBU6_PINconfigure.elf.dir/Drivers/STM32G4xx_HAL_Driver/Src/stm32g4xx_hal_i2c.c.obj
 .debug_line    0x0000c62a      0x5a3 CMakeFiles/RA99+LED_STM32CBU6_PINconfigure.elf.dir/Drivers/STM32G4xx_HAL_Driver/Src/stm32g4xx_hal_i2c_ex.c.obj
 .debug_line    0x0000cbcd      0xb2c CMakeFiles/RA99+LED_STM32CBU6_PINconfigure.elf.dir/Drivers/STM32G4xx_HAL_Driver/Src/stm32g4xx_hal_pwr_ex.c.obj
 .debug_line    0x0000d6f9      0xe93 CMakeFiles/RA99+LED_STM32CBU6_PINconfigure.elf.dir/Drivers/STM32G4xx_HAL_Driver/Src/stm32g4xx_hal_rcc.c.obj
 .debug_line    0x0000e58c     0x1102 CMakeFiles/RA99+LED_STM32CBU6_PINconfigure.elf.dir/Drivers/STM32G4xx_HAL_Driver/Src/stm32g4xx_hal_rcc_ex.c.obj
 .debug_line    0x0000f68e     0x50fa CMakeFiles/RA99+LED_STM32CBU6_PINconfigure.elf.dir/Drivers/STM32G4xx_HAL_Driver/Src/stm32g4xx_hal_tim.c.obj
 .debug_line    0x00014788     0x264e CMakeFiles/RA99+LED_STM32CBU6_PINconfigure.elf.dir/Drivers/STM32G4xx_HAL_Driver/Src/stm32g4xx_hal_tim_ex.c.obj
 .debug_line    0x00016dd6     0x6507 CMakeFiles/RA99+LED_STM32CBU6_PINconfigure.elf.dir/Drivers/STM32G4xx_HAL_Driver/Src/stm32g4xx_hal_uart.c.obj
 .debug_line    0x0001d2dd      0xd82 CMakeFiles/RA99+LED_STM32CBU6_PINconfigure.elf.dir/Drivers/STM32G4xx_HAL_Driver/Src/stm32g4xx_hal_uart_ex.c.obj
 .debug_line    0x0001e05f      0x39e CMakeFiles/RA99+LED_STM32CBU6_PINconfigure.elf.dir/cafuu_code/Src/argb_platform.c.obj
 .debug_line    0x0001e3fd      0x7e4 CMakeFiles/RA99+LED_STM32CBU6_PINconfigure.elf.dir/own_function/Src/Unipolar_zeroing_code_communication.c.obj
 .debug_line    0x0001ebe1      0x669 CMakeFiles/RA99+LED_STM32CBU6_PINconfigure.elf.dir/own_function/Src/argb_tx.c.obj

.debug_str      0x00000000     0x7b9b
 .debug_str     0x00000000      0x7ae CMakeFiles/RA99+LED_STM32CBU6_PINconfigure.elf.dir/Core/Src/dma.c.obj
                                0x7f0 (size before relaxing)
 .debug_str     0x000007ae      0x64a CMakeFiles/RA99+LED_STM32CBU6_PINconfigure.elf.dir/Core/Src/fdcan.c.obj
                                0x988 (size before relaxing)
 .debug_str     0x00000df8       0x9b CMakeFiles/RA99+LED_STM32CBU6_PINconfigure.elf.dir/Core/Src/gpio.c.obj
                                0x436 (size before relaxing)
 .debug_str     0x00000e93      0x586 CMakeFiles/RA99+LED_STM32CBU6_PINconfigure.elf.dir/Core/Src/i2c.c.obj
                                0xbdf (size before relaxing)
 .debug_str     0x00001419      0x6f9 CMakeFiles/RA99+LED_STM32CBU6_PINconfigure.elf.dir/Core/Src/main.c.obj
                                0xcc7 (size before relaxing)
 .debug_str     0x00001b12       0x8c CMakeFiles/RA99+LED_STM32CBU6_PINconfigure.elf.dir/Core/Src/stm32g4xx_hal_msp.c.obj